Component: Arm Compiler for Embedded 6.21 Tool: armlink [5ec1fa00]

==============================================================================

Section Cross References

    100rtc_lcd.o(.ARM.exidx.text.init_systick_timer) refers to 100rtc_lcd.o(.text.init_systick_timer) for [Anonymous Symbol]
    100rtc_lcd.o(.text.get_day_of_week) refers to 100rtc_lcd.o(.rodata..L__const.get_day_of_week.days) for .L__const.get_day_of_week.days
    100rtc_lcd.o(.ARM.exidx.text.get_day_of_week) refers to 100rtc_lcd.o(.text.get_day_of_week) for [Anonymous Symbol]
    100rtc_lcd.o(.text.time_to_string) refers to 100rtc_lcd.o(.bss.time_to_string.time_str) for time_to_string.time_str
    100rtc_lcd.o(.text.time_to_string) refers to 100rtc_lcd.o(.rodata.str1.1) for .L.str.7
    100rtc_lcd.o(.text.time_to_string) refers to snprintf.o(.text) for snprintf
    100rtc_lcd.o(.ARM.exidx.text.time_to_string) refers to 100rtc_lcd.o(.text.time_to_string) for [Anonymous Symbol]
    100rtc_lcd.o(.text.date_to_string) refers to 100rtc_lcd.o(.bss.date_to_string.date_str) for date_to_string.date_str
    100rtc_lcd.o(.text.date_to_string) refers to 100rtc_lcd.o(.rodata.str1.1) for .L.str.8
    100rtc_lcd.o(.text.date_to_string) refers to snprintf.o(.text) for snprintf
    100rtc_lcd.o(.ARM.exidx.text.date_to_string) refers to 100rtc_lcd.o(.text.date_to_string) for [Anonymous Symbol]
    100rtc_lcd.o(.text.main) refers to ds1307.o(.text.ds1307_init) for ds1307_init
    100rtc_lcd.o(.text.main) refers to 100rtc_lcd.o(.rodata.str1.1) for .L.str.9
    100rtc_lcd.o(.text.main) refers to printf.o(.text) for printf
    100rtc_lcd.o(.text.main) refers to lcd_1.o(.text.lcd_init) for lcd_init
    100rtc_lcd.o(.text.main) refers to lcd_1.o(.text.lcd_print_string) for lcd_print_string
    100rtc_lcd.o(.text.main) refers to lcd_1.o(.text.mdelay) for mdelay
    100rtc_lcd.o(.text.main) refers to lcd_1.o(.text.lcd_display_clear) for lcd_display_clear
    100rtc_lcd.o(.text.main) refers to lcd_1.o(.text.lcd_display_return_home) for lcd_display_return_home
    100rtc_lcd.o(.text.main) refers to 100rtc_lcd.o(.text.init_systick_timer) for init_systick_timer
    100rtc_lcd.o(.text.main) refers to ds1307.o(.text.ds1307_set_current_date) for ds1307_set_current_date
    100rtc_lcd.o(.text.main) refers to ds1307.o(.text.ds1307_set_current_time) for ds1307_set_current_time
    100rtc_lcd.o(.text.main) refers to ds1307.o(.text.ds1307_get_current_time) for ds1307_get_current_time
    100rtc_lcd.o(.text.main) refers to ds1307.o(.text.ds1307_get_current_date) for ds1307_get_current_date
    100rtc_lcd.o(.text.main) refers to lcd_1.o(.text.lcd_set_cursor) for lcd_set_cursor
    100rtc_lcd.o(.text.main) refers to 100rtc_lcd.o(.text.time_to_string) for time_to_string
    100rtc_lcd.o(.text.main) refers to 100rtc_lcd.o(.text.date_to_string) for date_to_string
    100rtc_lcd.o(.ARM.exidx.text.main) refers to 100rtc_lcd.o(.text.main) for [Anonymous Symbol]
    100rtc_lcd.o(.text.SysTick_Handler) refers to ds1307.o(.text.ds1307_get_current_time) for ds1307_get_current_time
    100rtc_lcd.o(.text.SysTick_Handler) refers to ds1307.o(.text.ds1307_get_current_date) for ds1307_get_current_date
    100rtc_lcd.o(.text.SysTick_Handler) refers to 100rtc_lcd.o(.rodata.str1.1) for .L.str.12
    100rtc_lcd.o(.text.SysTick_Handler) refers to lcd_1.o(.text.lcd_set_cursor) for lcd_set_cursor
    100rtc_lcd.o(.text.SysTick_Handler) refers to 100rtc_lcd.o(.text.time_to_string) for time_to_string
    100rtc_lcd.o(.text.SysTick_Handler) refers to lcd_1.o(.text.lcd_print_string) for lcd_print_string
    100rtc_lcd.o(.text.SysTick_Handler) refers to 100rtc_lcd.o(.text.date_to_string) for date_to_string
    100rtc_lcd.o(.ARM.exidx.text.SysTick_Handler) refers to 100rtc_lcd.o(.text.SysTick_Handler) for [Anonymous Symbol]
    100rtc_lcd.o(.rodata..L__const.get_day_of_week.days) refers to 100rtc_lcd.o(.rodata.str1.1) for [Anonymous Symbol]
    stm32f103xx_gpio_driver_1.o(.ARM.exidx.text.GPIO_PeriClockControl) refers to stm32f103xx_gpio_driver_1.o(.text.GPIO_PeriClockControl) for [Anonymous Symbol]
    stm32f103xx_gpio_driver_1.o(.ARM.exidx.text.GPIO_Init_Input) refers to stm32f103xx_gpio_driver_1.o(.text.GPIO_Init_Input) for [Anonymous Symbol]
    stm32f103xx_gpio_driver_1.o(.ARM.exidx.text.GPIO_Init_Output) refers to stm32f103xx_gpio_driver_1.o(.text.GPIO_Init_Output) for [Anonymous Symbol]
    stm32f103xx_gpio_driver_1.o(.ARM.exidx.text.GPIO_Init_EXTI) refers to stm32f103xx_gpio_driver_1.o(.text.GPIO_Init_EXTI) for [Anonymous Symbol]
    stm32f103xx_gpio_driver_1.o(.text.GPIO_Init) refers to stm32f103xx_gpio_driver_1.o(.text.GPIO_PeriClockControl) for GPIO_PeriClockControl
    stm32f103xx_gpio_driver_1.o(.text.GPIO_Init) refers to stm32f103xx_gpio_driver_1.o(.text.GPIO_Init_Output) for GPIO_Init_Output
    stm32f103xx_gpio_driver_1.o(.text.GPIO_Init) refers to stm32f103xx_gpio_driver_1.o(.text.GPIO_Init_Input) for GPIO_Init_Input
[...]
    .text                                    0x0800184c   Section        0  exit.o(.text)
    .text                                    0x0800185e   Section        0  defsig_rtred_outer.o(.text)
    .text                                    0x0800186c   Section       78  rt_memclr_w.o(.text)
    .text                                    0x080018ba   Section        0  sys_io.o(.text)
    .text                                    0x08001920   Section        8  libspace.o(.text)
    .text                                    0x08001928   Section        8  rt_heap_descriptor_intlibspace.o(.text)
    .text                                    0x08001930   Section        0  hguard.o(.text)
    .text                                    0x08001934   Section        0  init_alloc.o(.text)
    .text                                    0x080019be   Section        0  h1_alloc.o(.text)
    .text                                    0x08001a1c   Section        0  fseek.o(.text)
    .text                                    0x08001b14   Section        0  stdio.o(.text)
    .text                                    0x08001c1c   Section        0  defsig_exit.o(.text)
    .text                                    0x08001c28   Section        0  defsig_rtred_inner.o(.text)
    .text                                    0x08001c5c   Section      128  strcmpv7m.o(.text)
    .text                                    0x08001cdc   Section        0  sys_exit.o(.text)
    .text                                    0x08001ce8   Section        2  use_no_semi.o(.text)
    .text                                    0x08001cea   Section        0  indicate_semi.o(.text)
    .text                                    0x08001cea   Section        0  maybetermalloc1.o(.text)
    .text                                    0x08001cea   Section        0  h1_init.o(.text)
    .text                                    0x08001cf6   Section        0  h1_extend.o(.text)
    .text                                    0x08001d2a   Section        0  ftell.o(.text)
    .text                                    0x08001d6c   Section        0  defsig_general.o(.text)
    .text                                    0x08001d9e   Section        0  defsig_rtmem_outer.o(.text)
    .text                                    0x08001dac   Section        0  strlen.o(.text)
    .text                                    0x08001dea   Section        0  sys_wrch.o(.text)
    .text                                    0x08001df8   Section        8  rt_errno_addr_intlibspace.o(.text)
    .text                                    0x08001e00   Section        0  defsig_rtmem_inner.o(.text)
    [Anonymous Symbol]                       0x08001e50   Section        0  stm32f103xx_gpio_driver_1.o(.text.GPIO_Init)
    [Anonymous Symbol]                       0x08001ea8   Section        0  stm32f103xx_gpio_driver_1.o(.text.GPIO_Init_EXTI)
    [Anonymous Symbol]                       0x08002144   Section        0  stm32f103xx_gpio_driver_1.o(.text.GPIO_Init_Input)
    [Anonymous Symbol]                       0x0800227c   Section        0  stm32f103xx_gpio_driver_1.o(.text.GPIO_Init_Output)
    [Anonymous Symbol]                       0x0800237c   Section        0  stm32f103xx_gpio_driver_1.o(.text.GPIO_PeriClockControl)
    [Anonymous Symbol]                       0x08002490   Section        0  stm32f103xx_gpio_driver_1.o(.text.GPIO_WriteToOutputPin)
    I2C_ClearADDRFlag                        0x080024d5   Thumb Code   112  stm32f103xx_i2c_driver.o(.text.I2C_ClearADDRFlag)
    [Anonymous Symbol]                       0x080024d4   Section        0  stm32f103xx_i2c_driver.o(.text.I2C_ClearADDRFlag)
    I2C_ExecuteAddressPhaseRead              0x08002545   Thumb Code    42  stm32f103xx_i2c_driver.o(.text.I2C_ExecuteAddressPhaseRead)
    [Anonymous Symbol]                       0x08002544   Section        0  stm32f103xx_i2c_driver.o(.text.I2C_ExecuteAddressPhaseRead)
    I2C_ExecuteAddressPhaseWrite             0x08002571   Thumb Code    42  stm32f103xx_i2c_driver.o(.text.I2C_ExecuteAddressPhaseWrite)
    [Anonymous Symbol]                       0x08002570   Section        0  stm32f103xx_i2c_driver.o(.text.I2C_ExecuteAddressPhaseWrite)
    I2C_GenerateStartCondition               0x0800259d   Thumb Code    18  stm32f103xx_i2c_driver.o(.text.I2C_GenerateStartCondition)
    [Anonymous Symbol]                       0x0800259c   Section        0  stm32f103xx_i2c_driver.o(.text.I2C_GenerateStartCondition)
    I2C_GenerateStopCondition                0x080025b1   Thumb Code    18  stm32f103xx_i2c_driver.o(.text.I2C_GenerateStopCondition)
    [Anonymous Symbol]                       0x080025b0   Section        0  stm32f103xx_i2c_driver.o(.text.I2C_GenerateStopCondition)
    [Anonymous Symbol]                       0x080025c4   Section        0  stm32f103xx_i2c_driver.o(.text.I2C_GetFlagStatus)
    [Anonymous Symbol]                       0x080025f0   Section        0  stm32f103xx_i2c_driver.o(.text.I2C_Init)
    [Anonymous Symbol]                       0x08002750   Section        0  stm32f103xx_i2c_driver.o(.text.I2C_ManageAcking)
    [Anonymous Symbol]                       0x08002780   Section        0  stm32f103xx_i2c_driver.o(.text.I2C_MasterReceiveData)
    [Anonymous Symbol]                       0x08002890   Section        0  stm32f103xx_i2c_driver.o(.text.I2C_MasterSendData)
    [Anonymous Symbol]                       0x08002954   Section        0  stm32f103xx_i2c_driver.o(.text.I2C_PeriClockControl)
    [Anonymous Symbol]                       0x080029b4   Section        0  stm32f103xx_i2c_driver.o(.text.I2C_PeripheralControl)
    [Anonymous Symbol]                       0x080029e4   Section        0  stm32f103xx_rcc_driver.o(.text.RCC_GetPCLK1Value)
    [Anonymous Symbol]                       0x08002ad0   Section        0  stm32f103xx_rcc_driver.o(.text.RCC_GetPLLOutputClock)
    SetSysClock                              0x08002ad5   Thumb Code     8  system_stm32f10x.o(.text.SetSysClock)
    [Anonymous Symbol]                       0x08002ad4   Section        0  system_stm32f10x.o(.text.SetSysClock)
    SetSysClockTo72                          0x08002add   Thumb Code   290  system_stm32f10x.o(.text.SetSysClockTo72)
    [Anonymous Symbol]                       0x08002adc   Section        0  system_stm32f10x.o(.text.SetSysClockTo72)
    [Anonymous Symbol]                       0x08002c00   Section        0  100rtc_lcd.o(.text.SysTick_Handler)
    [Anonymous Symbol]                       0x08002c7c   Section        0  system_stm32f10x.o(.text.SystemInit)
    bcd_to_binary                            0x08002ce5   Thumb Code    30  ds1307.o(.text.bcd_to_binary)
    [Anonymous Symbol]                       0x08002ce4   Section        0  ds1307.o(.text.bcd_to_binary)
    binary_to_bcd                            0x08002d05   Thumb Code    40  ds1307.o(.text.binary_to_bcd)
    [Anonymous Symbol]                       0x08002d04   Section        0  ds1307.o(.text.binary_to_bcd)
    [Anonymous Symbol]                       0x08002d2c   Section        0  100rtc_lcd.o(.text.date_to_string)
    [Anonymous Symbol]                       0x08002d60   Section        0  ds1307.o(.text.ds1307_get_current_date)
    [Anonymous Symbol]                       0x08002da4   Section        0  ds1307.o(.text.ds1307_get_current_time)
    ds1307_i2c_config                        0x08002e19   Thumb Code    44  ds1307.o(.text.ds1307_i2c_config)
    [Anonymous Symbol]                       0x08002e18   Section        0  ds1307.o(.text.ds1307_i2c_config)
    ds1307_i2c_pin_config                    0x08002e45   Thumb Code   110  ds1307.o(.text.ds1307_i2c_pin_config)
    [Anonymous Symbol]                       0x08002e44   Section        0  ds1307.o(.text.ds1307_i2c_pin_config)
    [Anonymous Symbol]                       0x08002eb4   Section        0  ds1307.o(.text.ds1307_init)
    ds1307_read                              0x08002eed   Thumb Code    76  ds1307.o(.text.ds1307_read)
    [Anonymous Symbol]                       0x08002eec   Section        0  ds1307.o(.text.ds1307_read)
    [Anonymous Symbol]                       0x08002f38   Section        0  ds1307.o(.text.ds1307_set_current_date)
    [Anonymous Symbol]                       0x08002f7c   Section        0  ds1307.o(.text.ds1307_set_current_time)
    ds1307_write                             0x0800301d   Thumb Code    56  ds1307.o(.text.ds1307_write)
    [Anonymous Symbol]                       0x0800301c   Section        0  ds1307.o(.text.ds1307_write)
    [Anonymous Symbol]                       0x08003054   Section        0  100rtc_lcd.o(.text.init_systick_timer)
    [Anonymous Symbol]                       0x080030b0   Section        0  lcd_1.o(.text.lcd_display_clear)
    [Anonymous Symbol]                       0x080030c0   Section        0  lcd_1.o(.text.lcd_display_return_home)
    lcd_enable                               0x080030d9   Thumb Code    50  lcd_1.o(.text.lcd_enable)
    [Anonymous Symbol]                       0x080030d8   Section        0  lcd_1.o(.text.lcd_enable)
    [Anonymous Symbol]                       0x0800310c   Section        0  lcd_1.o(.text.lcd_init)
    [Anonymous Symbol]                       0x08003234   Section        0  lcd_1.o(.text.lcd_print_char)
    [Anonymous Symbol]                       0x08003278   Section        0  lcd_1.o(.text.lcd_print_string)
    [Anonymous Symbol]                       0x0800329c   Section        0  lcd_1.o(.text.lcd_send_command)
    [Anonymous Symbol]                       0x080032dc   Section        0  lcd_1.o(.text.lcd_set_cursor)
    [Anonymous Symbol]                       0x0800332c   Section        0  100rtc_lcd.o(.text.main)
    [Anonymous Symbol]                       0x08003438   Section        0  lcd_1.o(.text.mdelay)
    [Anonymous Symbol]                       0x08003460   Section        0  100rtc_lcd.o(.text.time_to_string)
    [Anonymous Symbol]                       0x08003494   Section        0  lcd_1.o(.text.udelay)
    write_4_bits                             0x080034b9   Thumb Code    88  lcd_1.o(.text.write_4_bits)
    [Anonymous Symbol]                       0x080034b8   Section        0  lcd_1.o(.text.write_4_bits)
    CL$$btod_d2e                             0x08003510   Section       62  btod.o(CL$$btod_d2e)
    CL$$btod_d2e_denorm_low                  0x0800354e   Section       70  btod.o(CL$$btod_d2e_denorm_low)
    CL$$btod_d2e_norm_op1                    0x08003594   Section       96  btod.o(CL$$btod_d2e_norm_op1)
    CL$$btod_div_common                      0x080035f4   Section      824  btod.o(CL$$btod_div_common)
    CL$$btod_e2e                             0x0800392c   Section      220  btod.o(CL$$btod_e2e)
    CL$$btod_ediv                            0x08003a08   Section       42  btod.o(CL$$btod_ediv)
    CL$$btod_emul                            0x08003a32   Section       42  btod.o(CL$$btod_emul)
    CL$$btod_mult_common                     0x08003a5c   Section      580  btod.o(CL$$btod_mult_common)
    i.__ARM_fpclassify                       0x08003ca0   Section        0  fpclassify.o(i.__ARM_fpclassify)
    i._is_digit                              0x08003cc8   Section        0  __printf_wp.o(i._is_digit)
    i.fputc                                  0x08003cd6   Section        0  fputc.o(i.fputc)
    locale$$code                             0x08003cf4   Section       44  lc_numeric_c.o(locale$$code)
    locale$$code                             0x08003d20   Section       44  lc_ctype_c.o(locale$$code)
    x$fpl$printf1                            0x08003d4c   Section        4  printf1.o(x$fpl$printf1)
    x$fpl$printf2                            0x08003d50   Section        4  printf2.o(x$fpl$printf2)
    initial_mbstate                          0x08003d54   Data           8  _printf_wctomb.o(.constdata)
    .constdata                               0x08003d54   Section        8  _printf_wctomb.o(.constdata)
    x$fpl$usenofp                            0x08003d54   Section        0  usenofp.o(x$fpl$usenofp)
    uc_hextab                                0x08003d5c   Data          20  _printf_hex_int_ll_ptr.o(.constdata)
    .constdata                               0x08003d5c   Section       40  _printf_hex_int_ll_ptr.o(.constdata)
    lc_hextab                                0x08003d70   Data          20  _printf_hex_int_ll_ptr.o(.constdata)
    maptable                                 0x08003d84   Data          17  __printf_flags_ss_wp.o(.constdata)
    .constdata                               0x08003d84   Section       17  __printf_flags_ss_wp.o(.constdata)
    lc_hextab                                0x08003d95   Data          19  _printf_fp_hex.o(.constdata)
    .constdata                               0x08003d95   Section       38  _printf_fp_hex.o(.constdata)
    uc_hextab                                0x08003da8   Data          19  _printf_fp_hex.o(.constdata)
    .constdata                               0x08003dbb   Section        4  sys_io_names.o(.constdata)
    .constdata                               0x08003dbf   Section        4  sys_io_names.o(.constdata)
    .constdata                               0x08003dc3   Section        4  sys_io_names.o(.constdata)
    tenpwrs_x                                0x08003dc8   Data          60  bigflt0.o(.constdata)
    .constdata                               0x08003dc8   Section      148  bigflt0.o(.constdata)
    tenpwrs_i                                0x08003e04   Data          64  bigflt0.o(.constdata)
    .L.str.9                                 0x08003e5c   Data          30  100rtc_lcd.o(.rodata.str1.1)
    [Anonymous Symbol]                       0x08003e5c   Section        0  100rtc_lcd.o(.rodata.str1.1)
    .L.str.10                                0x08003e7a   Data          33  100rtc_lcd.o(.rodata.str1.1)
    .L.str.11                                0x08003e9b   Data          12  100rtc_lcd.o(.rodata.str1.1)
    .L.str.13                                0x08003eb3   Data           4  100rtc_lcd.o(.rodata.str1.1)
    .L.str.12                                0x08003eb7   Data           4  100rtc_lcd.o(.rodata.str1.1)
    .L.str.8                                 0x08003ecb   Data          17  100rtc_lcd.o(.rodata.str1.1)
    .L.str.7                                 0x08003edc   Data          15  100rtc_lcd.o(.rodata.str1.1)
    locale$$data                             0x08003f0c   Section       28  lc_numeric_c.o(locale$$data)
    __lcnum_c_name                           0x08003f10   Data           2  lc_numeric_c.o(locale$$data)
    __lcnum_c_start                          0x08003f18   Data           0  lc_numeric_c.o(locale$$data)
    __lcnum_c_point                          0x08003f24   Data           0  lc_numeric_c.o(locale$$data)
    __lcnum_c_thousands                      0x08003f26   Data           0  lc_numeric_c.o(locale$$data)
    __lcnum_c_grouping                       0x08003f27   Data           0  lc_numeric_c.o(locale$$data)
    __lcnum_c_end                            0x08003f28   Data           0  lc_numeric_c.o(locale$$data)
    locale$$data                             0x08003f28   Section      272  lc_ctype_c.o(locale$$data)
    __lcctype_c_name                         0x08003f2c   Data           2  lc_ctype_c.o(locale$$data)
    __lcctype_c_start                        0x08003f34   Data           0  lc_ctype_c.o(locale$$data)
    __lcctype_c_end                          0x08004038   Data           0  lc_ctype_c.o(locale$$data)
    .data                                    0x20000000   Section        4  stdio_streams.o(.data)
    .data                                    0x20000004   Section        4  stdio_streams.o(.data)
    .data                                    0x20000008   Section        4  stdio_streams.o(.data)
    .bss                                     0x20000020   Section       84  stdio_streams.o(.bss)
    .bss                                     0x20000074   Section       84  stdio_streams.o(.bss)
    .bss                                     0x200000c8   Section       84  stdio_streams.o(.bss)
    .bss                                     0x2000011c   Section       96  libspace.o(.bss)
    date_to_string.date_str                  0x2000017c   Data          11  100rtc_lcd.o(.bss.date_to_string.date_str)
    [Anonymous Symbol]                       0x2000017c   Section        0  100rtc_lcd.o(.bss.date_to_string.date_str)
    time_to_string.time_str                  0x200001b8   Data           9  100rtc_lcd.o(.bss.time_to_string.time_str)
    [Anonymous Symbol]                       0x200001b8   Section        0  100rtc_lcd.o(.bss.time_to_string.time_str)
    Heap_Mem                                 0x200001c8   Data         512  startup_stm32f10x_md.o(HEAP)
    HEAP                                     0x200001c8   Section      512  startup_stm32f10x_md.o(HEAP)
    Stack_Mem                                0x200003c8   Data        1024  startup_stm32f10x_md.o(STACK)
    STACK                                    0x200003c8   Section     1024  startup_stm32f10x_md.o(STACK)
    __initial_sp                             0x200007c8   Data           0  startup_stm32f10x_md.o(STACK)

    Global Symbols

    Symbol Name                              Value     Ov Type        Size  Object(Section)

    BuildAttributes$$THM_ISAv4$P$D$K$B$S$PE$A:L22UL41UL21$X:L11$S22US41US21$IEEE1$IW$~IW$USESV6$~STKCKD$USESV7$~SHL$OTIME$ROPI$IEEEJ$EBA8$UX$STANDARDLIB$REQ8$PRES8$EABIv2 0x00000000   Number         0  anon$$obj.o ABSOLUTE
    __fp_init_empty                          0x00000000   Number         0  fpinit_empty.o ABSOLUTE
    _printf_flags                            0x00000000   Number         0  printf_stubs.o ABSOLUTE
    _printf_return_value                     0x00000000   Number         0  printf_stubs.o ABSOLUTE
    _printf_sizespec                         0x00000000   Number         0  printf_stubs.o ABSOLUTE
    _printf_widthprec                        0x00000000   Number         0  printf_stubs.o ABSOLUTE
    __ARM_exceptions_init                     - Undefined Weak Reference
    __alloca_initialize                       - Undefined Weak Reference
    __arm_preinit_                            - Undefined Weak Reference
    __arm_relocate_pie_                       - Undefined Weak Reference
    __cpp_initialize__aeabi_                  - Undefined Weak Reference
    __cxa_finalize                            - Undefined Weak Reference
    __sigvec_lookup                           - Undefined Weak Reference
    __user_heap_extent                        - Undefined Weak Reference
    _atexit_init                              - Undefined Weak Reference
    _call_atexit_fns                          - Undefined Weak Reference
    _clock_init                               - Undefined Weak Reference
    _fp_trap_init                             - Undefined Weak Reference
    _fp_trap_shutdown                         - Undefined Weak Reference
    _get_lc_collate                           - Undefined Weak Reference
    _get_lc_monetary                          - Undefined Weak Reference
    _get_lc_time                              - Undefined Weak Reference
    _getenv_init                              - Undefined Weak Reference
    _handle_redirection                       - Undefined Weak Reference
    _mutex_acquire                            - Undefined Weak Reference
    _mutex_free                               - Undefined Weak Reference
    _mutex_release                            - Undefined Weak Reference
    _printf_mbtowc                            - Undefined Weak Reference
    _printf_wc                                - Undefined Weak Reference
    _rand_init                                - Undefined Weak Reference
    _signal_finish                            - Undefined Weak Reference
    _signal_init                              - Undefined Weak Reference
    __Vectors_Size                           0x000000ec   Number         0  startup_stm32f10x_md.o ABSOLUTE
    __Vectors                                0x08000000   Data           4  startup_stm32f10x_md.o(RESET)
    __Vectors_End                            0x080000ec   Data           0  startup_stm32f10x_md.o(RESET)
    __main                                   0x080000ed   Thumb Code     8  __main.o(!!!main)
    __scatterload                            0x080000f5   Thumb Code     0  __scatter.o(!!!scatter)
    __scatterload_rt2                        0x080000f5   Thumb Code    84  __scatter.o(!!!scatter)
    __scatterload_rt2_thumb_only             0x080000f5   Thumb Code     0  __scatter.o(!!!scatter)
    __scatterload_loop                       0x080000ff   Thumb Code     0  __scatter.o(!!!scatter)
    __scatterload_copy                       0x08000151   Thumb Code    26  __scatter_copy.o(!!handler_copy)
    __scatterload_null                       0x0800016d   Thumb Code     2  __scatter.o(!!handler_null)
    __scatterload_zeroinit                   0x08000171   Thumb Code    28  __scatter_zi.o(!!handler_zi)
    _printf_n                                0x0800018d   Thumb Code     0  _printf_n.o(.ARM.Collect$$_printf_percent$$00000001)
    _printf_percent                          0x0800018d   Thumb Code     0  _printf_percent.o(.ARM.Collect$$_printf_percent$$00000000)
    _printf_p                                0x08000193   Thumb Code     0  _printf_p.o(.ARM.Collect$$_printf_percent$$00000002)
    _printf_f                                0x08000199   Thumb Code     0  _printf_f.o(.ARM.Collect$$_printf_percent$$00000003)
    _printf_e                                0x0800019f   Thumb Code     0  _printf_e.o(.ARM.Collect$$_printf_percent$$00000004)
    _printf_g                                0x080001a5   Thumb Code     0  _printf_g.o(.ARM.Collect$$_printf_percent$$00000005)
    _printf_a                                0x080001ab   Thumb Code     0  _printf_a.o(.ARM.Collect$$_printf_percent$$00000006)
    _printf_ll                               0x080001b1   Thumb Code     0  _printf_ll.o(.ARM.Collect$$_printf_percent$$00000007)
    _printf_i                                0x080001bb   Thumb Code     0  _printf_i.o(.ARM.Collect$$_printf_percent$$00000008)
    _printf_d                                0x080001c1   Thumb Code     0  _printf_d.o(.ARM.Collect$$_printf_percent$$00000009)
    _printf_u                                0x080001c7   Thumb Code     0  _printf_u.o(.ARM.Collect$$_printf_percent$$0000000A)
    _printf_o                                0x080001cd   Thumb Code     0  _printf_o.o(.ARM.Collect$$_printf_percent$$0000000B)
    _printf_x                                0x080001d3   Thumb Code     0  _printf_x.o(.ARM.Collect$$_printf_percent$$0000000C)
    _printf_lli                              0x080001d9   Thumb Code     0  _printf_lli.o(.ARM.Collect$$_printf_percent$$0000000D)
    _printf_lld                              0x080001df   Thumb Code     0  _printf_lld.o(.ARM.Collect$$_printf_percent$$0000000E)
    _printf_llu                              0x080001e5   Thumb Code     0  _printf_llu.o(.ARM.Collect$$_printf_percent$$0000000F)
    _printf_llo                              0x080001eb   Thumb Code     0  _printf_llo.o(.ARM.Collect$$_printf_percent$$00000010)
    _printf_llx                              0x080001f1   Thumb Code     0  _printf_llx.o(.ARM.Collect$$_printf_percent$$00000011)
    _printf_l                                0x080001f7   Thumb Code     0  _printf_l.o(.ARM.Collect$$_printf_percent$$00000012)
    _printf_c                                0x08000201   Thumb Code     0  _printf_c.o(.ARM.Collect$$_printf_percent$$00000013)
    _printf_s                                0x08000207   Thumb Code     0  _printf_s.o(.ARM.Collect$$_printf_percent$$00000014)
    _printf_lc                               0x0800020d   Thumb Code     0  _printf_lc.o(.ARM.Collect$$_printf_percent$$00000015)
    _printf_ls                               0x08000213   Thumb Code     0  _printf_ls.o(.ARM.Collect$$_printf_percent$$00000016)
    _printf_percent_end                      0x08000219   Thumb Code     0  _printf_percent_end.o(.ARM.Collect$$_printf_percent$$00000017)
    __rt_lib_init                            0x0800021d   Thumb Code     0  libinit.o(.ARM.Collect$$libinit$$00000000)
    __rt_lib_init_fp_1                       0x0800021f   Thumb Code     0  libinit2.o(.ARM.Collect$$libinit$$00000002)
    __rt_lib_init_heap_2                     0x0800021f   Thumb Code     0  libinit2.o(.ARM.Collect$$libinit$$00000007)
    __rt_lib_init_preinit_1                  0x0800021f   Thumb Code     0  libinit2.o(.ARM.Collect$$libinit$$00000006)
    __rt_lib_init_relocate_pie_1             0x0800021f   Thumb Code     0  libinit2.o(.ARM.Collect$$libinit$$00000004)
    __rt_lib_init_heap_1                     0x08000227   Thumb Code     0  libinit2.o(.ARM.Collect$$libinit$$0000000C)
    __rt_lib_init_lc_common                  0x08000227   Thumb Code     0  libinit2.o(.ARM.Collect$$libinit$$00000011)
    __rt_lib_init_rand_1                     0x08000227   Thumb Code     0  libinit2.o(.ARM.Collect$$libinit$$00000010)
    __rt_lib_init_user_alloc_1               0x08000227   Thumb Code     0  libinit2.o(.ARM.Collect$$libinit$$0000000E)
    __rt_lib_init_lc_collate_1               0x0800022d   Thumb Code     0  libinit2.o(.ARM.Collect$$libinit$$00000013)
    __rt_lib_init_lc_ctype_2                 0x0800022d   Thumb Code     0  libinit2.o(.ARM.Collect$$libinit$$00000014)
    __rt_lib_init_lc_ctype_1                 0x08000239   Thumb Code     0  libinit2.o(.ARM.Collect$$libinit$$00000015)
    __rt_lib_init_lc_monetary_1              0x08000239   Thumb Code     0  libinit2.o(.ARM.Collect$$libinit$$00000017)
    __rt_lib_init_lc_numeric_2               0x08000239   Thumb Code     0  libinit2.o(.ARM.Collect$$libinit$$00000018)
    __rt_lib_init_atexit_1                   0x08000243   Thumb Code     0  libinit2.o(.ARM.Collect$$libinit$$0000001D)
    __rt_lib_init_clock_1                    0x08000243   Thumb Code     0  libinit2.o(.ARM.Collect$$libinit$$00000023)
    __rt_lib_init_fp_trap_1                  0x08000243   Thumb Code     0  libinit2.o(.ARM.Collect$$libinit$$00000021)
    __rt_lib_init_getenv_1                   0x08000243   Thumb Code     0  libinit2.o(.ARM.Collect$$libinit$$00000025)
    __rt_lib_init_lc_numeric_1               0x08000243   Thumb Code     0  libinit2.o(.ARM.Collect$$libinit$$00000019)
    __rt_lib_init_lc_time_1                  0x08000243   Thumb Code     0  libinit2.o(.ARM.Collect$$libinit$$0000001B)
    __rt_lib_init_signal_1                   0x08000243   Thumb Code     0  libinit2.o(.ARM.Collect$$libinit$$0000001F)
    __rt_lib_init_stdio_2                    0x08000243   Thumb Code     0  libinit2.o(.ARM.Collect$$libinit$$00000026)
    __rt_lib_init_alloca_1                   0x08000247   Thumb Code     0  libinit2.o(.ARM.Collect$$libinit$$00000030)
    __rt_lib_init_argv_1                     0x08000247   Thumb Code     0  libinit2.o(.ARM.Collect$$libinit$$0000002E)
    __rt_lib_init_cpp_1                      0x08000247   Thumb Code     0  libinit2.o(.ARM.Collect$$libinit$$00000034)
    __rt_lib_init_exceptions_1               0x08000247   Thumb Code     0  libinit2.o(.ARM.Collect$$libinit$$00000032)
    __rt_lib_init_return                     0x08000247   Thumb Code     0  libinit2.o(.ARM.Collect$$libinit$$00000035)
    __rt_lib_init_stdio_1                    0x08000247   Thumb Code     0  libinit2.o(.ARM.Collect$$libinit$$00000027)
    __rt_lib_shutdown                        0x08000249   Thumb Code     0  libshutdown.o(.ARM.Collect$$libshutdown$$00000000)
    __rt_lib_shutdown_cpp_1                  0x0800024b   Thumb Code     0  libshutdown2.o(.ARM.Collect$$libshutdown$$00000002)
    __rt_lib_shutdown_stdio_2                0x0800024b   Thumb Code     0  libshutdown2.o(.ARM.Collect$$libshutdown$$00000003)
    __rt_lib_shutdown_fp_trap_1              0x0800024f   Thumb Code     0  libshutdown2.o(.ARM.Collect$$libshutdown$$00000007)
    __rt_lib_shutdown_heap_1                 0x0800024f   Thumb Code     0  libshutdown2.o(.ARM.Collect$$libshutdown$$0000000F)
    __rt_lib_shutdown_return                 0x0800024f   Thumb Code     0  libshutdown2.o(.ARM.Collect$$libshutdown$$00000010)
    __rt_lib_shutdown_signal_1               0x0800024f   Thumb Code     0  libshutdown2.o(.ARM.Collect$$libshutdown$$0000000A)
    __rt_lib_shutdown_stdio_1                0x0800024f   Thumb Code     0  libshutdown2.o(.ARM.Collect$$libshutdown$$00000004)
    __rt_lib_shutdown_user_alloc_1           0x0800024f   Thumb Code     0  libshutdown2.o(.ARM.Collect$$libshutdown$$0000000C)
    __rt_entry                               0x08000251   Thumb Code     0  __rtentry.o(.ARM.Collect$$rtentry$$00000000)
    __rt_entry_presh_1                       0x08000251   Thumb Code     0  __rtentry2.o(.ARM.Collect$$rtentry$$00000002)
    __rt_entry_sh                            0x08000251   Thumb Code     0  __rtentry4.o(.ARM.Collect$$rtentry$$00000004)
    __rt_entry_li                            0x08000257   Thumb Code     0  __rtentry2.o(.ARM.Collect$$rtentry$$0000000A)
    __rt_entry_postsh_1                      0x08000257   Thumb Code     0  __rtentry2.o(.ARM.Collect$$rtentry$$00000009)
    __rt_entry_main                          0x0800025b   Thumb Code     0  __rtentry2.o(.ARM.Collect$$rtentry$$0000000D)
    __rt_entry_postli_1                      0x0800025b   Thumb Code     0  __rtentry2.o(.ARM.Collect$$rtentry$$0000000C)
    __rt_exit                                0x08000263   Thumb Code     0  rtexit.o(.ARM.Collect$$rtexit$$00000000)
    __rt_exit_ls                             0x08000265   Thumb Code     0  rtexit2.o(.ARM.Collect$$rtexit$$00000003)
    __rt_exit_prels_1                        0x08000265   Thumb Code     0  rtexit2.o(.ARM.Collect$$rtexit$$00000002)
    __rt_exit_exit                           0x08000269   Thumb Code     0  rtexit2.o(.ARM.Collect$$rtexit$$00000004)
    Reset_Handler                            0x08000271   Thumb Code     8  startup_stm32f10x_md.o(.text)
    NMI_Handler                              0x08000279   Thumb Code     2  startup_stm32f10x_md.o(.text)
    HardFault_Handler                        0x0800027b   Thumb Code     2  startup_stm32f10x_md.o(.text)
    MemManage_Handler                        0x0800027d   Thumb Code     2  startup_stm32f10x_md.o(.text)
    BusFault_Handler                         0x0800027f   Thumb Code     2  startup_stm32f10x_md.o(.text)
    UsageFault_Handler                       0x08000281   Thumb Code     2  startup_stm32f10x_md.o(.text)
    SVC_Handler                              0x08000283   Thumb Code     2  startup_stm32f10x_md.o(.text)
    DebugMon_Handler                         0x08000285   Thumb Code     2  startup_stm32f10x_md.o(.text)
    PendSV_Handler                           0x08000287   Thumb Code     2  startup_stm32f10x_md.o(.text)
    ADC1_2_IRQHandler                        0x0800028b   Thumb Code     0  startup_stm32f10x_md.o(.text)
    CAN1_RX1_IRQHandler                      0x0800028b   Thumb Code     0  startup_stm32f10x_md.o(.text)
    CAN1_SCE_IRQHandler                      0x0800028b   Thumb Code     0  startup_stm32f10x_md.o(.text)
    DMA1_Channel1_IRQHandler                 0x0800028b   Thumb Code     0  startup_stm32f10x_md.o(.text)
    DMA1_Channel2_IRQHandler                 0x0800028b   Thumb Code     0  startup_stm32f10x_md.o(.text)
    DMA1_Channel3_IRQHandler                 0x0800028b   Thumb Code     0  startup_stm32f10x_md.o(.text)
    DMA1_Channel4_IRQHandler                 0x0800028b   Thumb Code     0  startup_stm32f10x_md.o(.text)
    DMA1_Channel5_IRQHandler                 0x0800028b   Thumb Code     0  startup_stm32f10x_md.o(.text)
    DMA1_Channel6_IRQHandler                 0x0800028b   Thumb Code     0  startup_stm32f10x_md.o(.text)
    DMA1_Channel7_IRQHandler                 0x0800028b   Thumb Code     0  startup_stm32f10x_md.o(.text)
    EXTI0_IRQHandler                         0x0800028b   Thumb Code     0  startup_stm32f10x_md.o(.text)
    EXTI15_10_IRQHandler                     0x0800028b   Thumb Code     0  startup_stm32f10x_md.o(.text)
    EXTI1_IRQHandler                         0x0800028b   Thumb Code     0  startup_stm32f10x_md.o(.text)
    EXTI2_IRQHandler                         0x0800028b   Thumb Code     0  startup_stm32f10x_md.o(.text)
    EXTI3_IRQHandler                         0x0800028b   Thumb Code     0  startup_stm32f10x_md.o(.text)
    EXTI4_IRQHandler                         0x0800028b   Thumb Code     0  startup_stm32f10x_md.o(.text)
    EXTI9_5_IRQHandler                       0x0800028b   Thumb Code     0  startup_stm32f10x_md.o(.text)
    FLASH_IRQHandler                         0x0800028b   Thumb Code     0  startup_stm32f10x_md.o(.text)
    I2C1_ER_IRQHandler                       0x0800028b   Thumb Code     0  startup_stm32f10x_md.o(.text)
    I2C1_EV_IRQHandler                       0x0800028b   Thumb Code     0  startup_stm32f10x_md.o(.text)
    I2C2_ER_IRQHandler                       0x0800028b   Thumb Code     0  startup_stm32f10x_md.o(.text)
    I2C2_EV_IRQHandler                       0x0800028b   Thumb Code     0  startup_stm32f10x_md.o(.text)
    PVD_IRQHandler                           0x0800028b   Thumb Code     0  startup_stm32f10x_md.o(.text)
    RCC_IRQHandler                           0x0800028b   Thumb Code     0  startup_stm32f10x_md.o(.text)
    RTCAlarm_IRQHandler                      0x0800028b   Thumb Code     0  startup_stm32f10x_md.o(.text)
    RTC_IRQHandler                           0x0800028b   Thumb Code     0  startup_stm32f10x_md.o(.text)
    SPI1_IRQHandler                          0x0800028b   Thumb Code     0  startup_stm32f10x_md.o(.text)
    SPI2_IRQHandler                          0x0800028b   Thumb Code     0  startup_stm32f10x_md.o(.text)
    TAMPER_IRQHandler                        0x0800028b   Thumb Code     0  startup_stm32f10x_md.o(.text)
    TIM1_BRK_IRQHandler                      0x0800028b   Thumb Code     0  startup_stm32f10x_md.o(.text)
    TIM1_CC_IRQHandler                       0x0800028b   Thumb Code     0  startup_stm32f10x_md.o(.text)
    TIM1_TRG_COM_IRQHandler                  0x0800028b   Thumb Code     0  startup_stm32f10x_md.o(.text)
    TIM1_UP_IRQHandler                       0x0800028b   Thumb Code     0  startup_stm32f10x_md.o(.text)
    TIM2_IRQHandler                          0x0800028b   Thumb Code     0  startup_stm32f10x_md.o(.text)
    TIM3_IRQHandler                          0x0800028b   Thumb Code     0  startup_stm32f10x_md.o(.text)
    TIM4_IRQHandler                          0x0800028b   Thumb Code     0  startup_stm32f10x_md.o(.text)
    USART1_IRQHandler                        0x0800028b   Thumb Code     0  startup_stm32f10x_md.o(.text)
    USART2_IRQHandler                        0x0800028b   Thumb Code     0  startup_stm32f10x_md.o(.text)
    USART3_IRQHandler                        0x0800028b   Thumb Code     0  startup_stm32f10x_md.o(.text)
    USBWakeUp_IRQHandler                     0x0800028b   Thumb Code     0  startup_stm32f10x_md.o(.text)
    USB_HP_CAN1_TX_IRQHandler                0x0800028b   Thumb Code     0  startup_stm32f10x_md.o(.text)
    USB_LP_CAN1_RX0_IRQHandler               0x0800028b   Thumb Code     0  startup_stm32f10x_md.o(.text)
    WWDG_IRQHandler                          0x0800028b   Thumb Code     0  startup_stm32f10x_md.o(.text)
    __user_initial_stackheap                 0x0800028d   Thumb Code     0  startup_stm32f10x_md.o(.text)
    printf                                   0x080002b1   Thumb Code    20  printf.o(.text)
    snprintf                                 0x080002c9   Thumb Code    58  snprintf.o(.text)
    __use_two_region_memory                  0x08000309   Thumb Code     2  heapauxi.o(.text)
    __rt_heap_escrow                         0x0800030b   Thumb Code     2  heapauxi.o(.text)
    __rt_heap_expand                         0x0800030d   Thumb Code     2  heapauxi.o(.text)
    _printf_pre_padding                      0x0800030f   Thumb Code    44  _printf_pad.o(.text)
    _printf_post_padding                     0x0800033b   Thumb Code    34  _printf_pad.o(.text)
    _printf_truncate_signed                  0x0800035d   Thumb Code    18  _printf_truncate.o(.text)
    _printf_truncate_unsigned                0x0800036f   Thumb Code    18  _printf_truncate.o(.text)
    _printf_str                              0x08000381   Thumb Code    82  _printf_str.o(.text)
    _printf_int_dec                          0x080003d5   Thumb Code   104  _printf_dec.o(.text)
    _printf_charcount                        0x0800044d   Thumb Code    40  _printf_charcount.o(.text)
    _printf_char_common                      0x0800047f   Thumb Code    32  _printf_char_common.o(.text)
    _snputc                                  0x080004a5   Thumb Code    16  _snputc.o(.text)
    _printf_char_file                        0x080004b5   Thumb Code    32  _printf_char_file.o(.text)
    _printf_wctomb                           0x080004d9   Thumb Code   182  _printf_wctomb.o(.text)
    _printf_longlong_dec                     0x08000595   Thumb Code   108  _printf_longlong_dec.o(.text)
    _printf_longlong_oct                     0x08000611   Thumb Code    68  _printf_oct_int_ll.o(.text)
    _printf_int_oct                          0x08000655   Thumb Code    24  _printf_oct_int_ll.o(.text)
    _printf_ll_oct                           0x0800066d   Thumb Code    12  _printf_oct_int_ll.o(.text)
    _printf_longlong_hex                     0x08000681   Thumb Code    86  _printf_hex_int_ll_ptr.o(.text)
    _printf_int_hex                          0x080006d7   Thumb Code    28  _printf_hex_int_ll_ptr.o(.text)
    _printf_ll_hex                           0x080006f3   Thumb Code    12  _printf_hex_int_ll_ptr.o(.text)
    _printf_hex_ptr                          0x080006ff   Thumb Code    18  _printf_hex_int_ll_ptr.o(.text)
    __printf                                 0x08000715   Thumb Code   388  __printf_flags_ss_wp.o(.text)
    _ll_udiv10                               0x0800089d   Thumb Code   138  lludiv10.o(.text)
    _printf_int_common                       0x08000927   Thumb Code   178  _printf_intcommon.o(.text)
    _printf_fp_dec_real                      0x08000b89   Thumb Code   620  _printf_fp_dec.o(.text)
    _printf_fp_hex_real                      0x08000df5   Thumb Code   756  _printf_fp_hex.o(.text)
    _printf_cs_common                        0x080010f1   Thumb Code    20  _printf_char.o(.text)
    _printf_char                             0x08001105   Thumb Code    16  _printf_char.o(.text)
    _printf_string                           0x08001115   Thumb Code     8  _printf_char.o(.text)
    _printf_lcs_common                       0x0800111d   Thumb Code    20  _printf_wchar.o(.text)
    _printf_wchar                            0x08001131   Thumb Code    16  _printf_wchar.o(.text)
    _printf_wstring                          0x08001141   Thumb Code     8  _printf_wchar.o(.text)
    ferror                                   0x08001149   Thumb Code     8  ferror.o(.text)
    _initio                                  0x08001151   Thumb Code   210  initio.o(.text)
    _terminateio                             0x08001223   Thumb Code    56  initio.o(.text)
    _c16rtomb                                0x08001289   Thumb Code    72  _c16rtomb.o(.text)
    _wcrtomb                                 0x08001289   Thumb Code     0  _c16rtomb.o(.text)
    __user_setup_stackheap                   0x080012d1   Thumb Code    74  sys_stackheap_outer.o(.text)
    __rt_ctype_table                         0x0800131d   Thumb Code    16  rt_ctype_table.o(.text)
    __rt_locale                              0x0800132d   Thumb Code     8  rt_locale_intlibspace.o(.text)
    free                                     0x08001335   Thumb Code    78  h1_free.o(.text)
    _printf_fp_infnan                        0x08001385   Thumb Code   112  _printf_fp_infnan.o(.text)
    _btod_etento                             0x08001405   Thumb Code   224  bigflt0.o(.text)
    __flsbuf                                 0x080014e9   Thumb Code   482  flsbuf.o(.text)
    __flsbuf_byte                            0x080014e9   Thumb Code     0  flsbuf.o(.text)
    __flsbuf_wide                            0x080014e9   Thumb Code     0  flsbuf.o(.text)
    setvbuf                                  0x080016cb   Thumb Code    70  setvbuf.o(.text)
    freopen                                  0x08001711   Thumb Code   160  fopen.o(.text)
    fopen                                    0x080017b1   Thumb Code    74  fopen.o(.text)
    _fclose_internal                         0x08001801   Thumb Code    76  fclose.o(.text)
    fclose                                   0x08001801   Thumb Code     0  fclose.o(.text)
    exit                                     0x0800184d   Thumb Code    18  exit.o(.text)
    __rt_SIGRTRED                            0x0800185f   Thumb Code    14  defsig_rtred_outer.o(.text)
    __aeabi_memclr4                          0x0800186d   Thumb Code     0  rt_memclr_w.o(.text)
    __aeabi_memclr8                          0x0800186d   Thumb Code     0  rt_memclr_w.o(.text)
    __rt_memclr_w                            0x0800186d   Thumb Code     0  rt_memclr_w.o(.text)
    _memset_w                                0x08001871   Thumb Code    74  rt_memclr_w.o(.text)
    _sys_open                                0x080018bb   Thumb Code    20  sys_io.o(.text)
    _sys_close                               0x080018cf   Thumb Code    12  sys_io.o(.text)
    _sys_write                               0x080018db   Thumb Code    16  sys_io.o(.text)
    _sys_read                                0x080018eb   Thumb Code    14  sys_io.o(.text)
    _sys_istty                               0x080018f9   Thumb Code    12  sys_io.o(.text)
    _sys_seek                                0x08001905   Thumb Code    14  sys_io.o(.text)
    _sys_ensure                              0x08001913   Thumb Code     2  sys_io.o(.text)
    _sys_flen                                0x08001915   Thumb Code    12  sys_io.o(.text)
    __user_libspace                          0x08001921   Thumb Code     8  libspace.o(.text)
    __user_perproc_libspace                  0x08001921   Thumb Code     0  libspace.o(.text)
    __user_perthread_libspace                0x08001921   Thumb Code     0  libspace.o(.text)
    __rt_heap_descriptor                     0x08001929   Thumb Code     8  rt_heap_descriptor_intlibspace.o(.text)
    __use_no_heap                            0x08001931   Thumb Code     2  hguard.o(.text)
    __heap$guard                             0x08001933   Thumb Code     2  hguard.o(.text)
    _terminate_user_alloc                    0x08001935   Thumb Code     2  init_alloc.o(.text)
    _init_user_alloc                         0x08001937   Thumb Code     2  init_alloc.o(.text)
    __Heap_Full                              0x08001939   Thumb Code    34  init_alloc.o(.text)
    __Heap_Broken                            0x0800195b   Thumb Code     6  init_alloc.o(.text)
    _init_alloc                              0x08001961   Thumb Code    94  init_alloc.o(.text)
    malloc                                   0x080019bf   Thumb Code    94  h1_alloc.o(.text)
    _fseek                                   0x08001a1d   Thumb Code   242  fseek.o(.text)
    fseek                                    0x08001a1d   Thumb Code     0  fseek.o(.text)
    _seterr                                  0x08001b15   Thumb Code    20  stdio.o(.text)
    _writebuf                                0x08001b29   Thumb Code   108  stdio.o(.text)
    _fflush                                  0x08001b95   Thumb Code    70  stdio.o(.text)
    _deferredlazyseek                        0x08001bdb   Thumb Code    60  stdio.o(.text)
    __sig_exit                               0x08001c1d   Thumb Code    10  defsig_exit.o(.text)
    __rt_SIGRTRED_inner                      0x08001c29   Thumb Code    14  defsig_rtred_inner.o(.text)
    strcmp                                   0x08001c5d   Thumb Code   128  strcmpv7m.o(.text)
    _sys_exit                                0x08001cdd   Thumb Code     8  sys_exit.o(.text)
    __I$use$semihosting                      0x08001ce9   Thumb Code     0  use_no_semi.o(.text)
    __use_no_semihosting_swi                 0x08001ce9   Thumb Code     2  use_no_semi.o(.text)
    __Heap_Initialize                        0x08001ceb   Thumb Code     8  h1_init.o(.text)
    __semihosting_library_function           0x08001ceb   Thumb Code     0  indicate_semi.o(.text)
    _maybe_terminate_alloc                   0x08001ceb   Thumb Code     0  maybetermalloc1.o(.text)
    __Heap_DescSize                          0x08001cf3   Thumb Code     4  h1_init.o(.text)
    __Heap_ProvideMemory                     0x08001cf7   Thumb Code    52  h1_extend.o(.text)
    _ftell_internal                          0x08001d2b   Thumb Code    66  ftell.o(.text)
    ftell                                    0x08001d2b   Thumb Code     0  ftell.o(.text)
    __default_signal_display                 0x08001d6d   Thumb Code    50  defsig_general.o(.text)
    __rt_SIGRTMEM                            0x08001d9f   Thumb Code    14  defsig_rtmem_outer.o(.text)
    strlen                                   0x08001dad   Thumb Code    62  strlen.o(.text)
    _ttywrch                                 0x08001deb   Thumb Code    14  sys_wrch.o(.text)
    __aeabi_errno_addr                       0x08001df9   Thumb Code     8  rt_errno_addr_intlibspace.o(.text)
    __errno$intlibspace                      0x08001df9   Thumb Code     0  rt_errno_addr_intlibspace.o(.text)
    __rt_errno_addr$intlibspace              0x08001df9   Thumb Code     0  rt_errno_addr_intlibspace.o(.text)
    __rt_SIGRTMEM_inner                      0x08001e01   Thumb Code    22  defsig_rtmem_inner.o(.text)
    GPIO_Init                                0x08001e51   Thumb Code    88  stm32f103xx_gpio_driver_1.o(.text.GPIO_Init)
    GPIO_Init_EXTI                           0x08001ea9   Thumb Code   666  stm32f103xx_gpio_driver_1.o(.text.GPIO_Init_EXTI)
    GPIO_Init_Input                          0x08002145   Thumb Code   312  stm32f103xx_gpio_driver_1.o(.text.GPIO_Init_Input)
    GPIO_Init_Output                         0x0800227d   Thumb Code   256  stm32f103xx_gpio_driver_1.o(.text.GPIO_Init_Output)
    GPIO_PeriClockControl                    0x0800237d   Thumb Code   274  stm32f103xx_gpio_driver_1.o(.text.GPIO_PeriClockControl)
    GPIO_WriteToOutputPin                    0x08002491   Thumb Code    66  stm32f103xx_gpio_driver_1.o(.text.GPIO_WriteToOutputPin)
    I2C_GetFlagStatus                        0x080025c5   Thumb Code    42  stm32f103xx_i2c_driver.o(.text.I2C_GetFlagStatus)
    I2C_Init                                 0x080025f1   Thumb Code   350  stm32f103xx_i2c_driver.o(.text.I2C_Init)
    I2C_ManageAcking                         0x08002751   Thumb Code    46  stm32f103xx_i2c_driver.o(.text.I2C_ManageAcking)
    I2C_MasterReceiveData                    0x08002781   Thumb Code   272  stm32f103xx_i2c_driver.o(.text.I2C_MasterReceiveData)
    I2C_MasterSendData                       0x08002891   Thumb Code   194  stm32f103xx_i2c_driver.o(.text.I2C_MasterSendData)
    I2C_PeriClockControl                     0x08002955   Thumb Code    94  stm32f103xx_i2c_driver.o(.text.I2C_PeriClockControl)
    I2C_PeripheralControl                    0x080029b5   Thumb Code    46  stm32f103xx_i2c_driver.o(.text.I2C_PeripheralControl)
    RCC_GetPCLK1Value                        0x080029e5   Thumb Code   234  stm32f103xx_rcc_driver.o(.text.RCC_GetPCLK1Value)
    RCC_GetPLLOutputClock                    0x08002ad1   Thumb Code     4  stm32f103xx_rcc_driver.o(.text.RCC_GetPLLOutputClock)
    SysTick_Handler                          0x08002c01   Thumb Code   122  100rtc_lcd.o(.text.SysTick_Handler)
    SystemInit                               0x08002c7d   Thumb Code   102  system_stm32f10x.o(.text.SystemInit)
    date_to_string                           0x08002d2d   Thumb Code    50  100rtc_lcd.o(.text.date_to_string)
    ds1307_get_current_date                  0x08002d61   Thumb Code    66  ds1307.o(.text.ds1307_get_current_date)
    ds1307_get_current_time                  0x08002da5   Thumb Code   114  ds1307.o(.text.ds1307_get_current_time)
    ds1307_init                              0x08002eb5   Thumb Code    56  ds1307.o(.text.ds1307_init)
    ds1307_set_current_date                  0x08002f39   Thumb Code    66  ds1307.o(.text.ds1307_set_current_date)
    ds1307_set_current_time                  0x08002f7d   Thumb Code   158  ds1307.o(.text.ds1307_set_current_time)
    init_systick_timer                       0x08003055   Thumb Code    92  100rtc_lcd.o(.text.init_systick_timer)
    lcd_display_clear                        0x080030b1   Thumb Code    16  lcd_1.o(.text.lcd_display_clear)
    lcd_display_return_home                  0x080030c1   Thumb Code    22  lcd_1.o(.text.lcd_display_return_home)
    lcd_init                                 0x0800310d   Thumb Code   296  lcd_1.o(.text.lcd_init)
    lcd_print_char                           0x08003235   Thumb Code    66  lcd_1.o(.text.lcd_print_char)
    lcd_print_string                         0x08003279   Thumb Code    34  lcd_1.o(.text.lcd_print_string)
    lcd_send_command                         0x0800329d   Thumb Code    64  lcd_1.o(.text.lcd_send_command)
    lcd_set_cursor                           0x080032dd   Thumb Code    78  lcd_1.o(.text.lcd_set_cursor)
    main                                     0x0800332d   Thumb Code   268  100rtc_lcd.o(.text.main)
    mdelay                                   0x08003439   Thumb Code    40  lcd_1.o(.text.mdelay)
    time_to_string                           0x08003461   Thumb Code    50  100rtc_lcd.o(.text.time_to_string)
    udelay                                   0x08003495   Thumb Code    34  lcd_1.o(.text.udelay)
    _btod_d2e                                0x08003511   Thumb Code    62  btod.o(CL$$btod_d2e)
    _d2e_denorm_low                          0x0800354f   Thumb Code    70  btod.o(CL$$btod_d2e_denorm_low)
    _d2e_norm_op1                            0x08003595   Thumb Code    96  btod.o(CL$$btod_d2e_norm_op1)
    __btod_div_common                        0x080035f5   Thumb Code   696  btod.o(CL$$btod_div_common)
    _e2e                                     0x0800392d   Thumb Code   220  btod.o(CL$$btod_e2e)
    _btod_ediv                               0x08003a09   Thumb Code    42  btod.o(CL$$btod_ediv)
    _btod_emul                               0x08003a33   Thumb Code    42  btod.o(CL$$btod_emul)
    __btod_mult_common                       0x08003a5d   Thumb Code   580  btod.o(CL$$btod_mult_common)
    __ARM_fpclassify                         0x08003ca1   Thumb Code    40  fpclassify.o(i.__ARM_fpclassify)
    _is_digit                                0x08003cc9   Thumb Code    14  __printf_wp.o(i._is_digit)
    fputc                                    0x08003cd7   Thumb Code    28  fputc.o(i.fputc)
    _get_lc_numeric                          0x08003cf5   Thumb Code    44  lc_numeric_c.o(locale$$code)
    _get_lc_ctype                            0x08003d21   Thumb Code    44  lc_ctype_c.o(locale$$code)
    _printf_fp_dec                           0x08003d4d   Thumb Code     4  printf1.o(x$fpl$printf1)
    _printf_fp_hex                           0x08003d51   Thumb Code     4  printf2.o(x$fpl$printf2)
    __I$use$fp                               0x08003d54   Number         0  usenofp.o(x$fpl$usenofp)
    __stdin_name                             0x08003dbb   Data           4  sys_io_names.o(.constdata)
    __stdout_name                            0x08003dbf   Data           4  sys_io_names.o(.constdata)
    __stderr_name                            0x08003dc3   Data           4  sys_io_names.o(.constdata)
    Region$$Table$$Base                      0x08003eec   Number         0  anon$$obj.o(Region$$Table)
    Region$$Table$$Limit                     0x08003f0c   Number         0  anon$$obj.o(Region$$Table)
    __ctype                                  0x08003f35   Data           0  lc_ctype_c.o(locale$$data)
    __aeabi_stdin                            0x20000000   Data           4  stdio_streams.o(.data)
    __aeabi_stdout                           0x20000004   Data           4  stdio_streams.o(.data)
    __aeabi_stderr                           0x20000008   Data           4  stdio_streams.o(.data)
    AHB_PreScaler                            0x2000000c   Data          16  stm32f103xx_rcc_driver.o(.data.AHB_PreScaler)
    APB1_PreScaler                           0x2000001c   Data           4  stm32f103xx_rcc_driver.o(.data.APB1_PreScaler)
    __stdin                                  0x20000020   Data          84  stdio_streams.o(.bss)
    __stdout                                 0x20000074   Data          84  stdio_streams.o(.bss)
    __stderr                                 0x200000c8   Data          84  stdio_streams.o(.bss)
    __libspace_start                         0x2000011c   Data          96  libspace.o(.bss)
    __temporary_stack_top$libspace           0x2000017c   Data           0  libspace.o(.bss)
    g_ds1307I2cHandle                        0x20000188   Data          48  ds1307.o(.bss.g_ds1307I2cHandle)



==============================================================================

Memory Map of the image

  Image Entry point : 0x080000ed

  Load Region LR_IROM1 (Base: 0x08000000, Size: 0x00004058, Max: 0x00010000, ABSOLUTE)

    Execution Region ER_IROM1 (Exec base: 0x08000000, Load base: 0x08000000, Size: 0x00004038, Max: 0x00010000, ABSOLUTE)

    Exec Addr    Load Addr    Size         Type   Attr      Idx    E Section Name        Object

    0x08000000   0x08000000   0x000000ec   Data   RO          281    RESET               startup_stm32f10x_md.o
    0x080000ec   0x080000ec   0x00000008   Code   RO          313  * !!!main             c_w.l(__main.o)
    0x080000f4   0x080000f4   0x0000005c   Code   RO          837    !!!scatter          c_w.l(__scatter.o)
    0x08000150   0x08000150   0x0000001a   Code   RO          841    !!handler_copy      c_w.l(__scatter_copy.o)
    0x0800016a   0x0800016a   0x00000002   PAD
    0x0800016c   0x0800016c   0x00000002   Code   RO          838    !!handler_null      c_w.l(__scatter.o)
    0x0800016e   0x0800016e   0x00000002   PAD
    0x08000170   0x08000170   0x0000001c   Code   RO          843    !!handler_zi        c_w.l(__scatter_zi.o)
    0x0800018c   0x0800018c   0x00000000   Code   RO          399    .ARM.Collect$$_printf_percent$$00000000  c_w.l(_printf_percent.o)
    0x0800018c   0x0800018c   0x00000006   Code   RO          388    .ARM.Collect$$_printf_percent$$00000001  c_w.l(_printf_n.o)
    0x08000192   0x08000192   0x00000006   Code   RO          390    .ARM.Collect$$_printf_percent$$00000002  c_w.l(_printf_p.o)
    0x08000198   0x08000198   0x00000006   Code   RO          395    .ARM.Collect$$_printf_percent$$00000003  c_w.l(_printf_f.o)
    0x0800019e   0x0800019e   0x00000006   Code   RO          396    .ARM.Collect$$_printf_percent$$00000004  c_w.l(_printf_e.o)
    0x080001a4   0x080001a4   0x00000006   Code   RO          397    .ARM.Collect$$_printf_percent$$00000005  c_w.l(_printf_g.o)
    0x080001aa   0x080001aa   0x00000006   Code   RO          398    .ARM.Collect$$_printf_percent$$00000006  c_w.l(_printf_a.o)
    0x080001b0   0x080001b0   0x0000000a   Code   RO          403    .ARM.Collect$$_printf_percent$$00000007  c_w.l(_printf_ll.o)
    0x080001ba   0x080001ba   0x00000006   Code   RO          392    .ARM.Collect$$_printf_percent$$00000008  c_w.l(_printf_i.o)
    0x080001c0   0x080001c0   0x00000006   Code   RO          393    .ARM.Collect$$_printf_percent$$00000009  c_w.l(_printf_d.o)
    0x080001c6   0x080001c6   0x00000006   Code   RO          394    .ARM.Collect$$_printf_percent$$0000000A  c_w.l(_printf_u.o)
    0x080001cc   0x080001cc   0x00000006   Code   RO          391    .ARM.Collect$$_printf_percent$$0000000B  c_w.l(_printf_o.o)
    0x080001d2   0x080001d2   0x00000006   Code   RO          389    .ARM.Collect$$_printf_percent$$0000000C  c_w.l(_printf_x.o)
    0x080001d8   0x080001d8   0x00000006   Code   RO          400    .ARM.Collect$$_printf_percent$$0000000D  c_w.l(_printf_lli.o)
    0x080001de   0x080001de   0x00000006   Code   RO          401    .ARM.Collect$$_printf_percent$$0000000E  c_w.l(_printf_lld.o)
    0x080001e4   0x080001e4   0x00000006   Code   RO          402    .ARM.Collect$$_printf_percent$$0000000F  c_w.l(_printf_llu.o)
    0x080001ea   0x080001ea   0x00000006   Code   RO          407    .ARM.Collect$$_printf_percent$$00000010  c_w.l(_printf_llo.o)
    0x080001f0   0x080001f0   0x00000006   Code   RO          408    .ARM.Collect$$_printf_percent$$00000011  c_w.l(_printf_llx.o)
    0x080001f6   0x080001f6   0x0000000a   Code   RO          404    .ARM.Collect$$_printf_percent$$00000012  c_w.l(_printf_l.o)
    0x08000200   0x08000200   0x00000006   Code   RO          386    .ARM.Collect$$_printf_percent$$00000013  c_w.l(_printf_c.o)
    0x08000206   0x08000206   0x00000006   Code   RO          387    .ARM.Collect$$_printf_percent$$00000014  c_w.l(_printf_s.o)
    0x0800020c   0x0800020c   0x00000006   Code   RO          405    .ARM.Collect$$_printf_percent$$00000015  c_w.l(_printf_lc.o)
    0x08000212   0x08000212   0x00000006   Code   RO          406    .ARM.Collect$$_printf_percent$$00000016  c_w.l(_printf_ls.o)
    0x08000218   0x08000218   0x00000004   Code   RO          455    .ARM.Collect$$_printf_percent$$00000017  c_w.l(_printf_percent_end.o)
    0x0800021c   0x0800021c   0x00000002   Code   RO          600    .ARM.Collect$$libinit$$00000000  c_w.l(libinit.o)
    0x0800021e   0x0800021e   0x00000000   Code   RO          602    .ARM.Collect$$libinit$$00000002  c_w.l(libinit2.o)
    0x0800021e   0x0800021e   0x00000000   Code   RO          604    .ARM.Collect$$libinit$$00000004  c_w.l(libinit2.o)
    0x0800021e   0x0800021e   0x00000000   Code   RO          606    .ARM.Collect$$libinit$$00000006  c_w.l(libinit2.o)
    0x0800021e   0x0800021e   0x00000008   Code   RO          607    .ARM.Collect$$libinit$$00000007  c_w.l(libinit2.o)
    0x08000226   0x08000226   0x00000000   Code   RO          609    .ARM.Collect$$libinit$$0000000C  c_w.l(libinit2.o)
    0x08000226   0x08000226   0x00000000   Code   RO          611    .ARM.Collect$$libinit$$0000000E  c_w.l(libinit2.o)
    0x08000226   0x08000226   0x00000000   Code   RO          613    .ARM.Collect$$libinit$$00000010  c_w.l(libinit2.o)
    0x08000226   0x08000226   0x00000006   Code   RO          614    .ARM.Collect$$libinit$$00000011  c_w.l(libinit2.o)
    0x0800022c   0x0800022c   0x00000000   Code   RO          616    .ARM.Collect$$libinit$$00000013  c_w.l(libinit2.o)
    0x0800022c   0x0800022c   0x0000000c   Code   RO          617    .ARM.Collect$$libinit$$00000014  c_w.l(libinit2.o)
    0x08000238   0x08000238   0x00000000   Code   RO          618    .ARM.Collect$$libinit$$00000015  c_w.l(libinit2.o)
    0x08000238   0x08000238   0x00000000   Code   RO          620    .ARM.Collect$$libinit$$00000017  c_w.l(libinit2.o)
    0x08000238   0x08000238   0x0000000a   Code   RO          621    .ARM.Collect$$libinit$$00000018  c_w.l(libinit2.o)
    0x08000242   0x08000242   0x00000000   Code   RO          622    .ARM.Collect$$libinit$$00000019  c_w.l(libinit2.o)
    0x08000242   0x08000242   0x00000000   Code   RO          624    .ARM.Collect$$libinit$$0000001B  c_w.l(libinit2.o)
    0x08000242   0x08000242   0x00000000   Code   RO          626    .ARM.Collect$$libinit$$0000001D  c_w.l(libinit2.o)
    0x08000242   0x08000242   0x00000000   Code   RO          628    .ARM.Collect$$libinit$$0000001F  c_w.l(libinit2.o)
    0x08000242   0x08000242   0x00000000   Code   RO          630    .ARM.Collect$$libinit$$00000021  c_w.l(libinit2.o)
    0x08000242   0x08000242   0x00000000   Code   RO          632    .ARM.Collect$$libinit$$00000023  c_w.l(libinit2.o)
    0x08000242   0x08000242   0x00000000   Code   RO          634    .ARM.Collect$$libinit$$00000025  c_w.l(libinit2.o)
    0x08000242   0x08000242   0x00000004   Code   RO          635    .ARM.Collect$$libinit$$00000026  c_w.l(libinit2.o)
    0x08000246   0x08000246   0x00000000   Code   RO          636    .ARM.Collect$$libinit$$00000027  c_w.l(libinit2.o)
    0x08000246   0x08000246   0x00000000   Code   RO          640    .ARM.Collect$$libinit$$0000002E  c_w.l(libinit2.o)
    0x08000246   0x08000246   0x00000000   Code   RO          642    .ARM.Collect$$libinit$$00000030  c_w.l(libinit2.o)
    0x08000246   0x08000246   0x00000000   Code   RO          644    .ARM.Collect$$libinit$$00000032  c_w.l(libinit2.o)
    0x08000246   0x08000246   0x00000000   Code   RO          646    .ARM.Collect$$libinit$$00000034  c_w.l(libinit2.o)
    0x08000246   0x08000246   0x00000002   Code   RO          647    .ARM.Collect$$libinit$$00000035  c_w.l(libinit2.o)
    0x08000248   0x08000248   0x00000002   Code   RO          816    .ARM.Collect$$libshutdown$$00000000  c_w.l(libshutdown.o)
    0x0800024a   0x0800024a   0x00000000   Code   RO          649    .ARM.Collect$$libshutdown$$00000002  c_w.l(libshutdown2.o)
    0x0800024a   0x0800024a   0x00000004   Code   RO          650    .ARM.Collect$$libshutdown$$00000003  c_w.l(libshutdown2.o)
    0x0800024e   0x0800024e   0x00000000   Code   RO          651    .ARM.Collect$$libshutdown$$00000004  c_w.l(libshutdown2.o)
    0x0800024e   0x0800024e   0x00000000   Code   RO          654    .ARM.Collect$$libshutdown$$00000007  c_w.l(libshutdown2.o)
    0x0800024e   0x0800024e   0x00000000   Code   RO          657    .ARM.Collect$$libshutdown$$0000000A  c_w.l(libshutdown2.o)
    0x0800024e   0x0800024e   0x00000000   Code   RO          659    .ARM.Collect$$libshutdown$$0000000C  c_w.l(libshutdown2.o)
    0x0800024e   0x0800024e   0x00000000   Code   RO          662    .ARM.Collect$$libshutdown$$0000000F  c_w.l(libshutdown2.o)
    0x0800024e   0x0800024e   0x00000002   Code   RO          663    .ARM.Collect$$libshutdown$$00000010  c_w.l(libshutdown2.o)
    0x08000250   0x08000250   0x00000000   Code   RO          315    .ARM.Collect$$rtentry$$00000000  c_w.l(__rtentry.o)
    0x08000250   0x08000250   0x00000000   Code   RO          424    .ARM.Collect$$rtentry$$00000002  c_w.l(__rtentry2.o)
    0x08000250   0x08000250   0x00000006   Code   RO          436    .ARM.Collect$$rtentry$$00000004  c_w.l(__rtentry4.o)
    0x08000256   0x08000256   0x00000000   Code   RO          426    .ARM.Collect$$rtentry$$00000009  c_w.l(__rtentry2.o)
    0x08000256   0x08000256   0x00000004   Code   RO          427    .ARM.Collect$$rtentry$$0000000A  c_w.l(__rtentry2.o)
    0x0800025a   0x0800025a   0x00000000   Code   RO          429    .ARM.Collect$$rtentry$$0000000C  c_w.l(__rtentry2.o)
    0x0800025a   0x0800025a   0x00000008   Code   RO          430    .ARM.Collect$$rtentry$$0000000D  c_w.l(__rtentry2.o)
    0x08000262   0x08000262   0x00000002   Code   RO          678    .ARM.Collect$$rtexit$$00000000  c_w.l(rtexit.o)
    0x08000264   0x08000264   0x00000000   Code   RO          744    .ARM.Collect$$rtexit$$00000002  c_w.l(rtexit2.o)
    0x08000264   0x08000264   0x00000004   Code   RO          745    .ARM.Collect$$rtexit$$00000003  c_w.l(rtexit2.o)
    0x08000268   0x08000268   0x00000006   Code   RO          746    .ARM.Collect$$rtexit$$00000004  c_w.l(rtexit2.o)
    0x0800026e   0x0800026e   0x00000002   PAD
    0x08000270   0x08000270   0x00000040   Code   RO          282    .text               startup_stm32f10x_md.o
    0x080002b0   0x080002b0   0x00000018   Code   RO          307    .text               c_w.l(printf.o)
    0x080002c8   0x080002c8   0x00000040   Code   RO          309    .text               c_w.l(snprintf.o)
    0x08000308   0x08000308   0x00000006   Code   RO          311    .text               c_w.l(heapauxi.o)
    0x0800030e   0x0800030e   0x0000004e   Code   RO          318    .text               c_w.l(_printf_pad.o)
    0x0800035c   0x0800035c   0x00000024   Code   RO          320    .text               c_w.l(_printf_truncate.o)
    0x08000380   0x08000380   0x00000052   Code   RO          322    .text               c_w.l(_printf_str.o)
    0x080003d2   0x080003d2   0x00000002   PAD
    0x080003d4   0x080003d4   0x00000078   Code   RO          324    .text               c_w.l(_printf_dec.o)
    0x0800044c   0x0800044c   0x00000028   Code   RO          326    .text               c_w.l(_printf_charcount.o)
    0x08000474   0x08000474   0x00000030   Code   RO          328    .text               c_w.l(_printf_char_common.o)
    0x080004a4   0x080004a4   0x00000010   Code   RO          330    .text               c_w.l(_snputc.o)
    0x080004b4   0x080004b4   0x00000024   Code   RO          332    .text               c_w.l(_printf_char_file.o)
    0x080004d8   0x080004d8   0x000000bc   Code   RO          334    .text               c_w.l(_printf_wctomb.o)
    0x08000594   0x08000594   0x0000007c   Code   RO          337    .text               c_w.l(_printf_longlong_dec.o)
    0x08000610   0x08000610   0x00000070   Code   RO          343    .text               c_w.l(_printf_oct_int_ll.o)
    0x08000680   0x08000680   0x00000094   Code   RO          363    .text               c_w.l(_printf_hex_int_ll_ptr.o)
    0x08000714   0x08000714   0x00000188   Code   RO          383    .text               c_w.l(__printf_flags_ss_wp.o)
    0x0800089c   0x0800089c   0x0000008a   Code   RO          438    .text               c_w.l(lludiv10.o)
    0x08000926   0x08000926   0x000000b2   Code   RO          440    .text               c_w.l(_printf_intcommon.o)
    0x080009d8   0x080009d8   0x0000041c   Code   RO          442    .text               c_w.l(_printf_fp_dec.o)
    0x08000df4   0x08000df4   0x000002fc   Code   RO          446    .text               c_w.l(_printf_fp_hex.o)
    0x080010f0   0x080010f0   0x0000002c   Code   RO          451    .text               c_w.l(_printf_char.o)
    0x0800111c   0x0800111c   0x0000002c   Code   RO          453    .text               c_w.l(_printf_wchar.o)
    0x08001148   0x08001148   0x00000008   Code   RO          456    .text               c_w.l(ferror.o)
    0x08001150   0x08001150   0x00000138   Code   RO          462    .text               c_w.l(initio.o)
    0x08001288   0x08001288   0x00000048   Code   RO          470    .text               c_w.l(_c16rtomb.o)
    0x080012d0   0x080012d0   0x0000004a   Code   RO          477    .text               c_w.l(sys_stackheap_outer.o)
    0x0800131a   0x0800131a   0x00000002   PAD
    0x0800131c   0x0800131c   0x00000010   Code   RO          479    .text               c_w.l(rt_ctype_table.o)
    0x0800132c   0x0800132c   0x00000008   Code   RO          484    .text               c_w.l(rt_locale_intlibspace.o)
    0x08001334   0x08001334   0x0000004e   Code   RO          488    .text               c_w.l(h1_free.o)
    0x08001382   0x08001382   0x00000002   PAD
    0x08001384   0x08001384   0x00000080   Code   RO          542    .text               c_w.l(_printf_fp_infnan.o)
    0x08001404   0x08001404   0x000000e4   Code   RO          544    .text               c_w.l(bigflt0.o)
    0x080014e8   0x080014e8   0x000001e2   Code   RO          571    .text               c_w.l(flsbuf.o)
    0x080016ca   0x080016ca   0x00000046   Code   RO          573    .text               c_w.l(setvbuf.o)
    0x08001710   0x08001710   0x000000f0   Code   RO          576    .text               c_w.l(fopen.o)
    0x08001800   0x08001800   0x0000004c   Code   RO          578    .text               c_w.l(fclose.o)
    0x0800184c   0x0800184c   0x00000012   Code   RO          587    .text               c_w.l(exit.o)
    0x0800185e   0x0800185e   0x0000000e   Code   RO          589    .text               c_w.l(defsig_rtred_outer.o)
    0x0800186c   0x0800186c   0x0000004e   Code   RO          593    .text               c_w.l(rt_memclr_w.o)
    0x080018ba   0x080018ba   0x00000066   Code   RO          671    .text               c_w.l(sys_io.o)
    0x08001920   0x08001920   0x00000008   Code   RO          675    .text               c_w.l(libspace.o)
    0x08001928   0x08001928   0x00000008   Code   RO          685    .text               c_w.l(rt_heap_descriptor_intlibspace.o)
    0x08001930   0x08001930   0x00000004   Code   RO          687    .text               c_w.l(hguard.o)
    0x08001934   0x08001934   0x0000008a   Code   RO          689    .text               c_w.l(init_alloc.o)
    0x080019be   0x080019be   0x0000005e   Code   RO          695    .text               c_w.l(h1_alloc.o)
    0x08001a1c   0x08001a1c   0x000000f8   Code   RO          711    .text               c_w.l(fseek.o)
    0x08001b14   0x08001b14   0x00000108   Code   RO          713    .text               c_w.l(stdio.o)
    0x08001c1c   0x08001c1c   0x0000000a   Code   RO          722    .text               c_w.l(defsig_exit.o)
    0x08001c26   0x08001c26   0x00000002   PAD
    0x08001c28   0x08001c28   0x00000034   Code   RO          724    .text               c_w.l(defsig_rtred_inner.o)
    0x08001c5c   0x08001c5c   0x00000080   Code   RO          730    .text               c_w.l(strcmpv7m.o)
    0x08001cdc   0x08001cdc   0x0000000c   Code   RO          736    .text               c_w.l(sys_exit.o)
    0x08001ce8   0x08001ce8   0x00000002   Code   RO          740    .text               c_w.l(use_no_semi.o)
    0x08001cea   0x08001cea   0x00000000   Code   RO          742    .text               c_w.l(indicate_semi.o)
    0x08001cea   0x08001cea   0x00000000   Code   RO          750    .text               c_w.l(maybetermalloc1.o)
    0x08001cea   0x08001cea   0x0000000c   Code   RO          752    .text               c_w.l(h1_init.o)
    0x08001cf6   0x08001cf6   0x00000034   Code   RO          754    .text               c_w.l(h1_extend.o)
    0x08001d2a   0x08001d2a   0x00000042   Code   RO          766    .text               c_w.l(ftell.o)
    0x08001d6c   0x08001d6c   0x00000032   Code   RO          774    .text               c_w.l(defsig_general.o)
    0x08001d9e   0x08001d9e   0x0000000e   Code   RO          776    .text               c_w.l(defsig_rtmem_outer.o)
    0x08001dac   0x08001dac   0x0000003e   Code   RO          780    .text               c_w.l(strlen.o)
    0x08001dea   0x08001dea   0x0000000e   Code   RO          793    .text               c_w.l(sys_wrch.o)
    0x08001df8   0x08001df8   0x00000008   Code   RO          804    .text               c_w.l(rt_errno_addr_intlibspace.o)
    0x08001e00   0x08001e00   0x00000050   Code   RO          810    .text               c_w.l(defsig_rtmem_inner.o)
    0x08001e50   0x08001e50   0x00000058   Code   RO           34    .text.GPIO_Init     stm32f103xx_gpio_driver_1.o
    0x08001ea8   0x08001ea8   0x0000029a   Code   RO           32    .text.GPIO_Init_EXTI  stm32f103xx_gpio_driver_1.o
    0x08002142   0x08002142   0x00000002   PAD
    0x08002144   0x08002144   0x00000138   Code   RO           28    .text.GPIO_Init_Input  stm32f103xx_gpio_driver_1.o
    0x0800227c   0x0800227c   0x00000100   Code   RO           30    .text.GPIO_Init_Output  stm32f103xx_gpio_driver_1.o
    0x0800237c   0x0800237c   0x00000112   Code   RO           26    .text.GPIO_PeriClockControl  stm32f103xx_gpio_driver_1.o
    0x0800248e   0x0800248e   0x00000002   PAD
    0x08002490   0x08002490   0x00000042   Code   RO           42    .text.GPIO_WriteToOutputPin  stm32f103xx_gpio_driver_1.o
    0x080024d2   0x080024d2   0x00000002   PAD
    0x080024d4   0x080024d4   0x00000070   Code   RO          128    .text.I2C_ClearADDRFlag  stm32f103xx_i2c_driver.o
    0x08002544   0x08002544   0x0000002a   Code   RO          134    .text.I2C_ExecuteAddressPhaseRead  stm32f103xx_i2c_driver.o
    0x0800256e   0x0800256e   0x00000002   PAD
    0x08002570   0x08002570   0x0000002a   Code   RO          126    .text.I2C_ExecuteAddressPhaseWrite  stm32f103xx_i2c_driver.o
    0x0800259a   0x0800259a   0x00000002   PAD
    0x0800259c   0x0800259c   0x00000012   Code   RO          124    .text.I2C_GenerateStartCondition  stm32f103xx_i2c_driver.o
    0x080025ae   0x080025ae   0x00000002   PAD
    0x080025b0   0x080025b0   0x00000012   Code   RO          130    .text.I2C_GenerateStopCondition  stm32f103xx_i2c_driver.o
    0x080025c2   0x080025c2   0x00000002   PAD
    0x080025c4   0x080025c4   0x0000002a   Code   RO          120    .text.I2C_GetFlagStatus  stm32f103xx_i2c_driver.o
    0x080025ee   0x080025ee   0x00000002   PAD
    0x080025f0   0x080025f0   0x0000015e   Code   RO          116    .text.I2C_Init      stm32f103xx_i2c_driver.o
    0x0800274e   0x0800274e   0x00000002   PAD
    0x08002750   0x08002750   0x0000002e   Code   RO          136    .text.I2C_ManageAcking  stm32f103xx_i2c_driver.o
    0x0800277e   0x0800277e   0x00000002   PAD
    0x08002780   0x08002780   0x00000110   Code   RO          132    .text.I2C_MasterReceiveData  stm32f103xx_i2c_driver.o
    0x08002890   0x08002890   0x000000c2   Code   RO          122    .text.I2C_MasterSendData  stm32f103xx_i2c_driver.o
    0x08002952   0x08002952   0x00000002   PAD
    0x08002954   0x08002954   0x0000005e   Code   RO          114    .text.I2C_PeriClockControl  stm32f103xx_i2c_driver.o
    0x080029b2   0x080029b2   0x00000002   PAD
    0x080029b4   0x080029b4   0x0000002e   Code   RO          112    .text.I2C_PeripheralControl  stm32f103xx_i2c_driver.o
    0x080029e2   0x080029e2   0x00000002   PAD
    0x080029e4   0x080029e4   0x000000ea   Code   RO          206    .text.RCC_GetPCLK1Value  stm32f103xx_rcc_driver.o
    0x08002ace   0x08002ace   0x00000002   PAD
    0x08002ad0   0x08002ad0   0x00000004   Code   RO          208    .text.RCC_GetPLLOutputClock  stm32f103xx_rcc_driver.o
    0x08002ad4   0x08002ad4   0x00000008   Code   RO          291    .text.SetSysClock   system_stm32f10x.o
    0x08002adc   0x08002adc   0x00000122   Code   RO          295    .text.SetSysClockTo72  system_stm32f10x.o
    0x08002bfe   0x08002bfe   0x00000002   PAD
    0x08002c00   0x08002c00   0x0000007a   Code   RO           12    .text.SysTick_Handler  100rtc_lcd.o
    0x08002c7a   0x08002c7a   0x00000002   PAD
    0x08002c7c   0x08002c7c   0x00000066   Code   RO          289    .text.SystemInit    system_stm32f10x.o
    0x08002ce2   0x08002ce2   0x00000002   PAD
    0x08002ce4   0x08002ce4   0x0000001e   Code   RO          237    .text.bcd_to_binary  ds1307.o
    0x08002d02   0x08002d02   0x00000002   PAD
    0x08002d04   0x08002d04   0x00000028   Code   RO          233    .text.binary_to_bcd  ds1307.o
    0x08002d2c   0x08002d2c   0x00000032   Code   RO            8    .text.date_to_string  100rtc_lcd.o
    0x08002d5e   0x08002d5e   0x00000002   PAD
    0x08002d60   0x08002d60   0x00000042   Code   RO          241    .text.ds1307_get_current_date  ds1307.o
    0x08002da2   0x08002da2   0x00000002   PAD
    0x08002da4   0x08002da4   0x00000072   Code   RO          235    .text.ds1307_get_current_time  ds1307.o
    0x08002e16   0x08002e16   0x00000002   PAD
    0x08002e18   0x08002e18   0x0000002c   Code   RO          225    .text.ds1307_i2c_config  ds1307.o
    0x08002e44   0x08002e44   0x0000006e   Code   RO          223    .text.ds1307_i2c_pin_config  ds1307.o
    0x08002eb2   0x08002eb2   0x00000002   PAD
    0x08002eb4   0x08002eb4   0x00000038   Code   RO          221    .text.ds1307_init   ds1307.o
    0x08002eec   0x08002eec   0x0000004c   Code   RO          229    .text.ds1307_read   ds1307.o
    0x08002f38   0x08002f38   0x00000042   Code   RO          239    .text.ds1307_set_current_date  ds1307.o
    0x08002f7a   0x08002f7a   0x00000002   PAD
    0x08002f7c   0x08002f7c   0x0000009e   Code   RO          231    .text.ds1307_set_current_time  ds1307.o
    0x0800301a   0x0800301a   0x00000002   PAD
    0x0800301c   0x0800301c   0x00000038   Code   RO          227    .text.ds1307_write  ds1307.o
    0x08003054   0x08003054   0x0000005c   Code   RO            2    .text.init_systick_timer  100rtc_lcd.o
    0x080030b0   0x080030b0   0x00000010   Code   RO          265    .text.lcd_display_clear  lcd_1.o
    0x080030c0   0x080030c0   0x00000016   Code   RO          267    .text.lcd_display_return_home  lcd_1.o
    0x080030d6   0x080030d6   0x00000002   PAD
    0x080030d8   0x080030d8   0x00000032   Code   RO          271    .text.lcd_enable    lcd_1.o
    0x0800310a   0x0800310a   0x00000002   PAD
    0x0800310c   0x0800310c   0x00000128   Code   RO          259    .text.lcd_init      lcd_1.o
    0x08003234   0x08003234   0x00000042   Code   RO          255    .text.lcd_print_char  lcd_1.o
    0x08003276   0x08003276   0x00000002   PAD
    0x08003278   0x08003278   0x00000022   Code   RO          257    .text.lcd_print_string  lcd_1.o
    0x0800329a   0x0800329a   0x00000002   PAD
    0x0800329c   0x0800329c   0x00000040   Code   RO          251    .text.lcd_send_command  lcd_1.o
    0x080032dc   0x080032dc   0x0000004e   Code   RO          269    .text.lcd_set_cursor  lcd_1.o
    0x0800332a   0x0800332a   0x00000002   PAD
    0x0800332c   0x0800332c   0x0000010c   Code   RO           10    .text.main          100rtc_lcd.o
    0x08003438   0x08003438   0x00000028   Code   RO          261    .text.mdelay        lcd_1.o
    0x08003460   0x08003460   0x00000032   Code   RO            6    .text.time_to_string  100rtc_lcd.o
    0x08003492   0x08003492   0x00000002   PAD
    0x08003494   0x08003494   0x00000022   Code   RO          263    .text.udelay        lcd_1.o
    0x080034b6   0x080034b6   0x00000002   PAD
    0x080034b8   0x080034b8   0x00000058   Code   RO          253    .text.write_4_bits  lcd_1.o
    0x08003510   0x08003510   0x0000003e   Code   RO          547    CL$$btod_d2e        c_w.l(btod.o)
    0x0800354e   0x0800354e   0x00000046   Code   RO          549    CL$$btod_d2e_denorm_low  c_w.l(btod.o)
    0x08003594   0x08003594   0x00000060   Code   RO          548    CL$$btod_d2e_norm_op1  c_w.l(btod.o)
    0x080035f4   0x080035f4   0x00000338   Code   RO          557    CL$$btod_div_common  c_w.l(btod.o)
    0x0800392c   0x0800392c   0x000000dc   Code   RO          554    CL$$btod_e2e        c_w.l(btod.o)
    0x08003a08   0x08003a08   0x0000002a   Code   RO          551    CL$$btod_ediv       c_w.l(btod.o)
    0x08003a32   0x08003a32   0x0000002a   Code   RO          550    CL$$btod_emul       c_w.l(btod.o)
    0x08003a5c   0x08003a5c   0x00000244   Code   RO          556    CL$$btod_mult_common  c_w.l(btod.o)
    0x08003ca0   0x08003ca0   0x00000028   Code   RO          669    i.__ARM_fpclassify  m_ws.l(fpclassify.o)
    0x08003cc8   0x08003cc8   0x0000000e   Code   RO          376    i._is_digit         c_w.l(__printf_wp.o)
    0x08003cd6   0x08003cd6   0x0000001c   Code   RO          459    i.fputc             c_w.l(fputc.o)
    0x08003cf2   0x08003cf2   0x00000002   PAD
    0x08003cf4   0x08003cf4   0x0000002c   Code   RO          585    locale$$code        c_w.l(lc_numeric_c.o)
    0x08003d20   0x08003d20   0x0000002c   Code   RO          720    locale$$code        c_w.l(lc_ctype_c.o)
    0x08003d4c   0x08003d4c   0x00000004   Code   RO          415    x$fpl$printf1       fz_ws.l(printf1.o)
    0x08003d50   0x08003d50   0x00000004   Code   RO          417    x$fpl$printf2       fz_ws.l(printf2.o)
    0x08003d54   0x08003d54   0x00000000   Code   RO          668    x$fpl$usenofp       fz_ws.l(usenofp.o)
    0x08003d54   0x08003d54   0x00000008   Data   RO          335    .constdata          c_w.l(_printf_wctomb.o)
    0x08003d5c   0x08003d5c   0x00000028   Data   RO          364    .constdata          c_w.l(_printf_hex_int_ll_ptr.o)
    0x08003d84   0x08003d84   0x00000011   Data   RO          384    .constdata          c_w.l(__printf_flags_ss_wp.o)
    0x08003d95   0x08003d95   0x00000026   Data   RO          447    .constdata          c_w.l(_printf_fp_hex.o)
    0x08003dbb   0x08003dbb   0x00000004   Data   RO          472    .constdata          c_w.l(sys_io_names.o)
    0x08003dbf   0x08003dbf   0x00000004   Data   RO          473    .constdata          c_w.l(sys_io_names.o)
    0x08003dc3   0x08003dc3   0x00000004   Data   RO          474    .constdata          c_w.l(sys_io_names.o)
    0x08003dc7   0x08003dc7   0x00000001   PAD
    0x08003dc8   0x08003dc8   0x00000094   Data   RO          545    .constdata          c_w.l(bigflt0.o)
    0x08003e5c   0x08003e5c   0x0000008f   Data   RO           14    .rodata.str1.1      100rtc_lcd.o
    0x08003eeb   0x08003eeb   0x00000001   PAD
    0x08003eec   0x08003eec   0x00000020   Data   RO          836    Region$$Table       anon$$obj.o
    0x08003f0c   0x08003f0c   0x0000001c   Data   RO          584    locale$$data        c_w.l(lc_numeric_c.o)
    0x08003f28   0x08003f28   0x00000110   Data   RO          719    locale$$data        c_w.l(lc_ctype_c.o)


    Execution Region RW_IRAM1 (Exec base: 0x20000000, Load base: 0x08004038, Size: 0x000007c8, Max: 0x00005000, ABSOLUTE)

    Exec Addr    Load Addr    Size         Type   Attr      Idx    E Section Name        Object

    0x20000000   0x08004038   0x00000004   Data   RW          412    .data               c_w.l(stdio_streams.o)
    0x20000004   0x0800403c   0x00000004   Data   RW          413    .data               c_w.l(stdio_streams.o)
    0x20000008   0x08004040   0x00000004   Data   RW          414    .data               c_w.l(stdio_streams.o)
    0x2000000c   0x08004044   0x00000010   Data   RW          212    .data.AHB_PreScaler  stm32f103xx_rcc_driver.o
    0x2000001c   0x08004054   0x00000004   Data   RW          213    .data.APB1_PreScaler  stm32f103xx_rcc_driver.o
    0x20000020        -       0x00000054   Zero   RW          409    .bss                c_w.l(stdio_streams.o)
    0x20000074        -       0x00000054   Zero   RW          410    .bss                c_w.l(stdio_streams.o)
    0x200000c8        -       0x00000054   Zero   RW          411    .bss                c_w.l(stdio_streams.o)
    0x2000011c        -       0x00000060   Zero   RW          676    .bss                c_w.l(libspace.o)
    0x2000017c        -       0x0000000b   Zero   RW           17    .bss.date_to_string.date_str  100rtc_lcd.o
    0x20000187   0x08004058   0x00000001   PAD
    0x20000188        -       0x00000030   Zero   RW          243    .bss.g_ds1307I2cHandle  ds1307.o
    0x200001b8        -       0x00000009   Zero   RW           16    .bss.time_to_string.time_str  100rtc_lcd.o
    0x200001c1   0x08004058   0x00000007   PAD
    0x200001c8        -       0x00000200   Zero   RW          280    HEAP                startup_stm32f10x_md.o
    0x200003c8        -       0x00000400   Zero   RW          279    STACK               startup_stm32f10x_md.o


==============================================================================

Image component sizes


      Code (inc. data)   RO Data    RW Data    ZI Data      Debug   Object Name

       582          0        143          0         20       2397   100rtc_lcd.o
       816          0          0          0         48       3820   ds1307.o
       788          0          0          0          0       2548   lcd_1.o
        64         26        236          0       1536        844   startup_stm32f10x_md.o
      1662          0          0          0          0       5468   stm32f103xx_gpio_driver_1.o
      1276          0          0          0          0       8290   stm32f103xx_i2c_driver.o
       238          0          0         20          0       1884   stm32f103xx_rcc_driver.o
       400          0          0          0          0       2972   system_stm32f10x.o

    ----------------------------------------------------------------------
      5888         26        412         20       1612      28223   Object Totals
         0          0         32          0          0          0   (incl. Generated)
        62          0          1          0          8          0   (incl. Padding)

    ----------------------------------------------------------------------

      Code (inc. data)   RO Data    RW Data    ZI Data      Debug   Library Member Name

         8          0          0          0          0         68   __main.o
       392          4         17          0          0         92   __printf_flags_ss_wp.o
        14          0          0          0          0         68   __printf_wp.o
         0          0          0          0          0          0   __rtentry.o
        12          0          0          0          0          0   __rtentry2.o
         6          0          0          0          0          0   __rtentry4.o
        94          8          0          0          0          0   __scatter.o
        26          0          0          0          0          0   __scatter_copy.o
        28          0          0          0          0          0   __scatter_zi.o
        72          0          0          0          0         96   _c16rtomb.o
         6          0          0          0          0          0   _printf_a.o
         6          0          0          0          0          0   _printf_c.o
        44          0          0          0          0        108   _printf_char.o
        48          6          0          0          0         96   _printf_char_common.o
        36          4          0          0          0         80   _printf_char_file.o
        40          0          0          0          0         68   _printf_charcount.o
         6          0          0          0          0          0   _printf_d.o
       120         16          0          0          0         92   _printf_dec.o
         6          0          0          0          0          0   _printf_e.o
         6          0          0          0          0          0   _printf_f.o
      1052          0          0          0          0        148   _printf_fp_dec.o
       764          8         38          0          0        100   _printf_fp_hex.o
       128         16          0          0          0         84   _printf_fp_infnan.o
         6          0          0          0          0          0   _printf_g.o
       148          4         40          0          0        160   _printf_hex_int_ll_ptr.o
         6          0          0          0          0          0   _printf_i.o
       178          0          0          0          0         88   _printf_intcommon.o
        10          0          0          0          0          0   _printf_l.o
         6          0          0          0          0          0   _printf_lc.o
        10          0          0          0          0          0   _printf_ll.o
         6          0          0          0          0          0   _printf_lld.o
         6          0          0          0          0          0   _printf_lli.o
         6          0          0          0          0          0   _printf_llo.o
         6          0          0          0          0          0   _printf_llu.o
         6          0          0          0          0          0   _printf_llx.o
       124         16          0          0          0         92   _printf_longlong_dec.o
         6          0          0          0          0          0   _printf_ls.o
         6          0          0          0          0          0   _printf_n.o
         6          0          0          0          0          0   _printf_o.o
       112          8          0          0          0        124   _printf_oct_int_ll.o
         6          0          0          0          0          0   _printf_p.o
        78          0          0          0          0        108   _printf_pad.o
         0          0          0          0          0          0   _printf_percent.o
         4          0          0          0          0          0   _printf_percent_end.o
         6          0          0          0          0          0   _printf_s.o
        82          0          0          0          0         80   _printf_str.o
        36          0          0          0          0         84   _printf_truncate.o
         6          0          0          0          0          0   _printf_u.o
        44          0          0          0          0        108   _printf_wchar.o
       188          6          8          0          0         92   _printf_wctomb.o
         6          0          0          0          0          0   _printf_x.o
        16          0          0          0          0         68   _snputc.o
       228          4        148          0          0         96   bigflt0.o
      1936        128          0          0          0        668   btod.o
        10          0          0          0          0         68   defsig_exit.o
        50          0          0          0          0         88   defsig_general.o
        80         58          0          0          0         76   defsig_rtmem_inner.o
        14          0          0          0          0         80   defsig_rtmem_outer.o
        52         38          0          0          0         76   defsig_rtred_inner.o
        14          0          0          0          0         80   defsig_rtred_outer.o
        18          0          0          0          0         80   exit.o
        76          0          0          0          0         88   fclose.o
         8          0          0          0          0         68   ferror.o
       482          0          0          0          0         92   flsbuf.o
       240          6          0          0          0        128   fopen.o
        28          0          0          0          0         68   fputc.o
       248          6          0          0          0         84   fseek.o
        66          0          0          0          0         76   ftell.o
        94          0          0          0          0         80   h1_alloc.o
        52          0          0          0          0         68   h1_extend.o
        78          0          0          0          0         80   h1_free.o
        12          0          0          0          0         84   h1_init.o
         6          0          0          0          0        152   heapauxi.o
         4          0          0          0          0        136   hguard.o
         0          0          0          0          0          0   indicate_semi.o
       138          0          0          0          0        168   init_alloc.o
       312         46          0          0          0        112   initio.o
        44         10        272          0          0         76   lc_ctype_c.o
        44         10         28          0          0         76   lc_numeric_c.o
         2          0          0          0          0          0   libinit.o
        42          0          0          0          0          0   libinit2.o
         2          0          0          0          0          0   libshutdown.o
         6          0          0          0          0          0   libshutdown2.o
         8          4          0          0         96         68   libspace.o
       138          0          0          0          0         80   lludiv10.o
         0          0          0          0          0          0   maybetermalloc1.o
        24          4          0          0          0         84   printf.o
        16          4          0          0          0         76   rt_ctype_table.o
         8          4          0          0          0         68   rt_errno_addr_intlibspace.o
         8          4          0          0          0         68   rt_heap_descriptor_intlibspace.o
         8          4          0          0          0         68   rt_locale_intlibspace.o
        78          0          0          0          0         80   rt_memclr_w.o
         2          0          0          0          0          0   rtexit.o
        10          0          0          0          0          0   rtexit2.o
        70          0          0          0          0         80   setvbuf.o
        64          6          0          0          0         84   snprintf.o
       264          6          0          0          0        160   stdio.o
         0          0          0         12        252          0   stdio_streams.o
       128          0          0          0          0         68   strcmpv7m.o
        62          0          0          0          0         76   strlen.o
        12          4          0          0          0         68   sys_exit.o
       102          0          0          0          0        240   sys_io.o
         0          0         12          0          0          0   sys_io_names.o
        74          0          0          0          0         80   sys_stackheap_outer.o
        14          0          0          0          0         76   sys_wrch.o
         2          0          0          0          0         68   use_no_semi.o
         4          0          0          0          0         68   printf1.o
         4          0          0          0          0         68   printf2.o
         0          0          0          0          0          0   usenofp.o
        40          0          0          0          0         68   fpclassify.o

    ----------------------------------------------------------------------
      9576        442        564         12        348       6848   Library Totals
        16          0          1          0          0          0   (incl. Padding)

    ----------------------------------------------------------------------

      Code (inc. data)   RO Data    RW Data    ZI Data      Debug   Library Name

      9512        442        563         12        348       6644   c_w.l
         8          0          0          0          0        136   fz_ws.l
        40          0          0          0          0         68   m_ws.l

    ----------------------------------------------------------------------
      9576        442        564         12        348       6848   Library Totals

    ----------------------------------------------------------------------

==============================================================================


      Code (inc. data)   RO Data    RW Data    ZI Data      Debug   

     15464        468        976         32       1960      31271   Grand Totals
     15464        468        976         32       1960      31271   ELF Image Totals
     15464        468        976         32          0          0   ROM Totals

==============================================================================

    Total RO  Size (Code + RO Data)                16440 (  16.05kB)
    Total RW  Size (RW Data + ZI Data)              1992 (   1.95kB)
    Total ROM Size (Code + RO Data + RW Data)      16472 (  16.09kB)

==============================================================================

